Archive member included to satisfy reference by file (symbol)

/usr/lib/gcc/arm-none-eabi/9.2.1/thumb/v6-m/nofp/libgcc.a(_dvmd_tls.o)
                              CMakeFiles/test.dir/home/ali-dev/pico/pico-sdk/src/rp2_common/pico_divider/divider.S.obj (__aeabi_idiv0)
/usr/lib/gcc/arm-none-eabi/9.2.1/../../../arm-none-eabi/lib/thumb/v6-m/nofp/libc.a(lib_a-atexit.o)
                              /usr/lib/gcc/arm-none-eabi/9.2.1/../../../arm-none-eabi/lib/thumb/v6-m/nofp/crt0.o (atexit)
/usr/lib/gcc/arm-none-eabi/9.2.1/../../../arm-none-eabi/lib/thumb/v6-m/nofp/libc.a(lib_a-calloc.o)
                              CMakeFiles/test.dir/home/ali-dev/pico/pico-sdk/src/rp2_common/pico_malloc/pico_malloc.c.obj (calloc)
/usr/lib/gcc/arm-none-eabi/9.2.1/../../../arm-none-eabi/lib/thumb/v6-m/nofp/libc.a(lib_a-callocr.o)
                              /usr/lib/gcc/arm-none-eabi/9.2.1/../../../arm-none-eabi/lib/thumb/v6-m/nofp/libc.a(lib_a-calloc.o) (_calloc_r)
/usr/lib/gcc/arm-none-eabi/9.2.1/../../../arm-none-eabi/lib/thumb/v6-m/nofp/libc.a(lib_a-fini.o)
                              /usr/lib/gcc/arm-none-eabi/9.2.1/../../../arm-none-eabi/lib/thumb/v6-m/nofp/crt0.o (__libc_fini_array)
/usr/lib/gcc/arm-none-eabi/9.2.1/../../../arm-none-eabi/lib/thumb/v6-m/nofp/libc.a(lib_a-impure.o)
                              /usr/lib/gcc/arm-none-eabi/9.2.1/../../../arm-none-eabi/lib/thumb/v6-m/nofp/libc.a(lib_a-calloc.o) (_impure_ptr)
/usr/lib/gcc/arm-none-eabi/9.2.1/../../../arm-none-eabi/lib/thumb/v6-m/nofp/libc.a(lib_a-init.o)
                              /usr/lib/gcc/arm-none-eabi/9.2.1/../../../arm-none-eabi/lib/thumb/v6-m/nofp/crt0.o (__libc_init_array)
/usr/lib/gcc/arm-none-eabi/9.2.1/../../../arm-none-eabi/lib/thumb/v6-m/nofp/libc.a(lib_a-malloc.o)
                              CMakeFiles/test.dir/home/ali-dev/pico/pico-sdk/src/rp2_common/pico_malloc/pico_malloc.c.obj (malloc)
/usr/lib/gcc/arm-none-eabi/9.2.1/../../../arm-none-eabi/lib/thumb/v6-m/nofp/libc.a(lib_a-mallocr.o)
                              /usr/lib/gcc/arm-none-eabi/9.2.1/../../../arm-none-eabi/lib/thumb/v6-m/nofp/libc.a(lib_a-callocr.o) (_malloc_r)
/usr/lib/gcc/arm-none-eabi/9.2.1/../../../arm-none-eabi/lib/thumb/v6-m/nofp/libc.a(lib_a-mlock.o)
                              /usr/lib/gcc/arm-none-eabi/9.2.1/../../../arm-none-eabi/lib/thumb/v6-m/nofp/libc.a(lib_a-mallocr.o) (__malloc_lock)
/usr/lib/gcc/arm-none-eabi/9.2.1/../../../arm-none-eabi/lib/thumb/v6-m/nofp/libc.a(lib_a-sbrkr.o)
                              /usr/lib/gcc/arm-none-eabi/9.2.1/../../../arm-none-eabi/lib/thumb/v6-m/nofp/libc.a(lib_a-mallocr.o) (_sbrk_r)
/usr/lib/gcc/arm-none-eabi/9.2.1/../../../arm-none-eabi/lib/thumb/v6-m/nofp/libc.a(lib_a-strlen-stub.o)
                              CMakeFiles/test.dir/home/ali-dev/pico/pico-sdk/src/rp2_common/pico_stdio/stdio.c.obj (strlen)
/usr/lib/gcc/arm-none-eabi/9.2.1/../../../arm-none-eabi/lib/thumb/v6-m/nofp/libc.a(lib_a-__atexit.o)
                              /usr/lib/gcc/arm-none-eabi/9.2.1/../../../arm-none-eabi/lib/thumb/v6-m/nofp/libc.a(lib_a-atexit.o) (__register_exitproc)
/usr/lib/gcc/arm-none-eabi/9.2.1/../../../arm-none-eabi/lib/thumb/v6-m/nofp/libc.a(lib_a-freer.o)
                              /usr/lib/gcc/arm-none-eabi/9.2.1/../../../arm-none-eabi/lib/thumb/v6-m/nofp/libc.a(lib_a-malloc.o) (_free_r)
/usr/lib/gcc/arm-none-eabi/9.2.1/../../../arm-none-eabi/lib/thumb/v6-m/nofp/libc.a(lib_a-reent.o)
                              /usr/lib/gcc/arm-none-eabi/9.2.1/../../../arm-none-eabi/lib/thumb/v6-m/nofp/libc.a(lib_a-sbrkr.o) (errno)

Allocating common symbols
Common symbol       size              file

sf_table            0x100             CMakeFiles/test.dir/home/ali-dev/pico/pico-sdk/src/rp2_common/pico_float/float_init_rom.c.obj
errno               0x4               /usr/lib/gcc/arm-none-eabi/9.2.1/../../../arm-none-eabi/lib/thumb/v6-m/nofp/libc.a(lib_a-reent.o)
_usbd_qdef_buf      0xc0              CMakeFiles/test.dir/home/ali-dev/pico/pico-sdk/lib/tinyusb/src/device/usbd.c.obj
led_timer           0xc               CMakeFiles/test.dir/test.c.obj
sf_clz_func         0x4               CMakeFiles/test.dir/home/ali-dev/pico/pico-sdk/src/rp2_common/pico_float/float_init_rom.c.obj
sd_table            0x100             CMakeFiles/test.dir/home/ali-dev/pico/pico-sdk/src/rp2_common/pico_double/double_init_rom.c.obj
uart_char_to_line_feed
                    0x4               CMakeFiles/test.dir/home/ali-dev/pico/pico-sdk/src/rp2_common/hardware_uart/uart.c.obj
systick             0x4               CMakeFiles/test.dir/non_blocking_timer.c.obj

Discarded input sections

 .text          0x0000000000000000        0x0 /usr/lib/gcc/arm-none-eabi/9.2.1/thumb/v6-m/nofp/crti.o
 .data          0x0000000000000000        0x0 /usr/lib/gcc/arm-none-eabi/9.2.1/thumb/v6-m/nofp/crti.o
 .bss           0x0000000000000000        0x0 /usr/lib/gcc/arm-none-eabi/9.2.1/thumb/v6-m/nofp/crti.o
[...]
Memory Configuration

Name             Origin             Length             Attributes
FLASH            0x0000000010000000 0x0000000000200000 xr
RAM              0x0000000020000000 0x0000000000040000 xrw
SCRATCH_X        0x0000000020040000 0x0000000000001000 xrw
SCRATCH_Y        0x0000000020041000 0x0000000000001000 xrw
*default*        0x0000000000000000 0xffffffffffffffff

Linker script and memory map

LOAD /usr/lib/gcc/arm-none-eabi/9.2.1/thumb/v6-m/nofp/crti.o
LOAD /usr/lib/gcc/arm-none-eabi/9.2.1/thumb/v6-m/nofp/crtbegin.o
LOAD /usr/lib/gcc/arm-none-eabi/9.2.1/../../../arm-none-eabi/lib/thumb/v6-m/nofp/crt0.o

.flash_begin    0x0000000010000000        0x0
                0x0000000010000000                __flash_binary_start = .

.boot2          0x0000000010000000      0x100
                0x0000000010000000                __boot2_start__ = .
 *(.boot2)
 .boot2         0x0000000010000000      0x100 /tmp/cc8KWn0U.o
                0x0000000010000100                __boot2_end__ = .
                0x0000000000000001                ASSERT (((__boot2_end__ - __boot2_start__) == 0x100), ERROR: Pico second stage bootloader must be 256 bytes in size)

.text           0x0000000010000100     0x6fe8
                0x0000000010000100                __logical_binary_start = .
 *(.vectors)
 .vectors       0x0000000010000100       0xd4 CMakeFiles/test.dir/home/ali-dev/pico/pico-sdk/src/rp2_common/pico_standard_link/crt0.S.obj
                0x0000000010000100                __vectors
                0x00000000100001c0                isr_invalid
                0x00000000100001c2                isr_nmi
                0x00000000100001c4                isr_hardfault
                0x00000000100001c6                isr_svcall
                0x00000000100001c8                isr_pendsv
                0x00000000100001cc                isr_irq30
                0x00000000100001cc                __unhandled_user_irq
                0x00000000100001cc                isr_irq13
                0x00000000100001cc                isr_irq27
                0x00000000100001cc                isr_irq31
                0x00000000100001cc                isr_irq5
                0x00000000100001cc                isr_irq11
                0x00000000100001cc                isr_irq23
                0x00000000100001cc                isr_irq18
                0x00000000100001cc                isr_irq28
                0x00000000100001cc                isr_irq19
                0x00000000100001cc                isr_irq0
                0x00000000100001cc                isr_irq6
                0x00000000100001cc                isr_irq22
                0x00000000100001cc                isr_irq17
                0x00000000100001cc                isr_irq14
                0x00000000100001cc                isr_irq2
                0x00000000100001cc                isr_irq10
                0x00000000100001cc                isr_irq8
                0x00000000100001cc                isr_irq24
                0x00000000100001cc                isr_irq1
                0x00000000100001cc                isr_irq7
                0x00000000100001cc                isr_irq21
                0x00000000100001cc                isr_irq20
                0x00000000100001cc                isr_irq15
                0x00000000100001cc                isr_irq25
                0x00000000100001cc                isr_irq4
                0x00000000100001cc                isr_irq16
                0x00000000100001cc                isr_irq29
                0x00000000100001cc                isr_irq26
                0x00000000100001cc                isr_irq3
                0x00000000100001cc                isr_irq12
                0x00000000100001cc                isr_irq9
                0x00000000100001d2                unhandled_user_irq_num_in_r0
 *(.binary_info_header)
 .binary_info_header
                0x00000000100001d4       0x14 CMakeFiles/test.dir/home/ali-dev/pico/pico-sdk/src/rp2_common/pico_standard_link/crt0.S.obj
                0x00000000100001e8                __binary_info_header_end = .
 *(.reset)
 .reset         0x00000000100001e8       0xa8 CMakeFiles/test.dir/home/ali-dev/pico/pico-sdk/src/rp2_common/pico_standard_link/crt0.S.obj
                0x00000000100001e8                _entry_point
                0x0000000010000266                __get_current_exception
 .reset         0x0000000010000290       0x30 CMakeFiles/test.dir/home/ali-dev/pico/pico-sdk/src/rp2_common/pico_standard_link/binary_info.c.obj
 *(.init)
 .init          0x00000000100002c0        0x4 /usr/lib/gcc/arm-none-eabi/9.2.1/thumb/v6-m/nofp/crti.o
                0x00000000100002c0                _init
 *(EXCLUDE_FILE(*libm.a: *libc.a:*lib_a-mem*.o *libgcc.a:) .text*)
 .text          0x00000000100002c4       0x98 /usr/lib/gcc/arm-none-eabi/9.2.1/thumb/v6-m/nofp/crtbegin.o
 .text.startup.main
                0x000000001000035c       0x6c CMakeFiles/test.dir/test.c.obj
                0x000000001000035c                main
 .text.init_systick
                0x00000000100003c8       0x18 CMakeFiles/test.dir/non_blocking_timer.c.obj
                0x00000000100003c8                init_systick
 .text.isr_systick
                0x00000000100003e0       0x10 CMakeFiles/test.dir/non_blocking_timer.c.obj
                0x00000000100003e0                isr_systick
 .text.get_systick
                0x00000000100003f0        0xc CMakeFiles/test.dir/non_blocking_timer.c.obj
                0x00000000100003f0                get_systick
 .text.init_non_blocking_timer
                0x00000000100003fc        0xc CMakeFiles/test.dir/non_blocking_timer.c.obj
                0x00000000100003fc                init_non_blocking_timer
 .text.start_non_blocking_timer
                0x0000000010000408       0x10 CMakeFiles/test.dir/non_blocking_timer.c.obj
                0x0000000010000408                start_non_blocking_timer
 .text.non_blocking_timer_expired
                0x0000000010000418       0x24 CMakeFiles/test.dir/non_blocking_timer.c.obj
                0x0000000010000418                non_blocking_timer_expired
 .text.gpio_set_function
                0x000000001000043c       0x30 CMakeFiles/test.dir/home/ali-dev/pico/pico-sdk/src/rp2_common/hardware_gpio/gpio.c.obj
                0x000000001000043c                gpio_set_function
 .text.gpio_init
                0x000000001000046c       0x3c CMakeFiles/test.dir/home/ali-dev/pico/pico-sdk/src/rp2_common/hardware_gpio/gpio.c.obj
                0x000000001000046c                gpio_init
 .text.hw_claim_or_assert
                0x00000000100004a8       0x60 CMakeFiles/test.dir/home/ali-dev/pico/pico-sdk/src/rp2_common/hardware_claim/claim.c.obj
                0x00000000100004a8                hw_claim_or_assert
 .text.hw_claim_unused_from_range
                0x0000000010000508       0x9c CMakeFiles/test.dir/home/ali-dev/pico/pico-sdk/src/rp2_common/hardware_claim/claim.c.obj
                0x0000000010000508                hw_claim_unused_from_range
 .text.spin_locks_reset
                0x00000000100005a4       0x1c CMakeFiles/test.dir/home/ali-dev/pico/pico-sdk/src/rp2_common/hardware_sync/sync.c.obj
                0x00000000100005a4                spin_locks_reset
 .text.next_striped_spin_lock_num
                0x00000000100005c0       0x18 CMakeFiles/test.dir/home/ali-dev/pico/pico-sdk/src/rp2_common/hardware_sync/sync.c.obj
                0x00000000100005c0                next_striped_spin_lock_num
 .text.spin_lock_claim_unused
                0x00000000100005d8       0x20 CMakeFiles/test.dir/home/ali-dev/pico/pico-sdk/src/rp2_common/hardware_sync/sync.c.obj
                0x00000000100005d8                spin_lock_claim_unused
 .text.running_on_fpga
                0x00000000100005f8       0x10 CMakeFiles/test.dir/home/ali-dev/pico/pico-sdk/src/rp2_common/pico_platform/platform.c.obj
                0x00000000100005f8                running_on_fpga
 .text.uart_init
                0x0000000010000608       0xe4 CMakeFiles/test.dir/home/ali-dev/pico/pico-sdk/src/rp2_common/hardware_uart/uart.c.obj
                0x0000000010000608                uart_init
 .text.timer_pool_entry_comparator
                0x00000000100006ec       0x34 CMakeFiles/test.dir/home/ali-dev/pico/pico-sdk/src/common/pico_time/time.c.obj
                0x00000000100006ec                timer_pool_entry_comparator
 .text.sev_callback
                0x0000000010000720        0x8 CMakeFiles/test.dir/home/ali-dev/pico/pico-sdk/src/common/pico_time/time.c.obj
 .text.add_alarm_under_lock
                0x0000000010000728      0x128 CMakeFiles/test.dir/home/ali-dev/pico/pico-sdk/src/common/pico_time/time.c.obj
 .text.alarm_pool_alarm_callback
                0x0000000010000850      0x1c8 CMakeFiles/test.dir/home/ali-dev/pico/pico-sdk/src/common/pico_time/time.c.obj
 .text.alarm_pool_add_alarm_at.constprop.0
                0x0000000010000a18      0x120 CMakeFiles/test.dir/home/ali-dev/pico/pico-sdk/src/common/pico_time/time.c.obj
 .text.alarm_pool_init_default
                0x0000000010000b38       0x78 CMakeFiles/test.dir/home/ali-dev/pico/pico-sdk/src/common/pico_time/time.c.obj
                0x0000000010000b38                alarm_pool_init_default
 .text.alarm_pool_get_default
                0x0000000010000bb0        0xc CMakeFiles/test.dir/home/ali-dev/pico/pico-sdk/src/common/pico_time/time.c.obj
                0x0000000010000bb0                alarm_pool_get_default
 .text.alarm_pool_add_alarm_at
                0x0000000010000bbc      0x1b4 CMakeFiles/test.dir/home/ali-dev/pico/pico-sdk/src/common/pico_time/time.c.obj
                0x0000000010000bbc                alarm_pool_add_alarm_at
 .text.alarm_pool_cancel_alarm
                0x0000000010000d70       0x70 CMakeFiles/test.dir/home/ali-dev/pico/pico-sdk/src/common/pico_time/time.c.obj
                0x0000000010000d70                alarm_pool_cancel_alarm
 .text.best_effort_wfe_or_timeout
                0x0000000010000de0       0x44 CMakeFiles/test.dir/home/ali-dev/pico/pico-sdk/src/common/pico_time/time.c.obj
                0x0000000010000de0                best_effort_wfe_or_timeout
 .text.hardware_alarm_irq_handler
                0x0000000010000e24       0xb8 CMakeFiles/test.dir/home/ali-dev/pico/pico-sdk/src/rp2_common/hardware_timer/timer.c.obj
 .text.hardware_alarm_claim
                0x0000000010000edc       0x18 CMakeFiles/test.dir/home/ali-dev/pico/pico-sdk/src/rp2_common/hardware_timer/timer.c.obj
                0x0000000010000edc                hardware_alarm_claim
 .text.time_us_64
                0x0000000010000ef4       0x14 CMakeFiles/test.dir/home/ali-dev/pico/pico-sdk/src/rp2_common/hardware_timer/timer.c.obj
                0x0000000010000ef4                time_us_64
 .text.hardware_alarm_set_callback
                0x0000000010000f08       0x8c CMakeFiles/test.dir/home/ali-dev/pico/pico-sdk/src/rp2_common/hardware_timer/timer.c.obj
                0x0000000010000f08                hardware_alarm_set_callback
 .text.hardware_alarm_set_target
                0x0000000010000f94       0xc4 CMakeFiles/test.dir/home/ali-dev/pico/pico-sdk/src/rp2_common/hardware_timer/timer.c.obj
                0x0000000010000f94                hardware_alarm_set_target
 .text.hardware_alarm_cancel
                0x0000000010001058       0x40 CMakeFiles/test.dir/home/ali-dev/pico/pico-sdk/src/rp2_common/hardware_timer/timer.c.obj
                0x0000000010001058                hardware_alarm_cancel
 .text.lock_init
                0x0000000010001098       0x10 CMakeFiles/test.dir/home/ali-dev/pico/pico-sdk/src/common/pico_sync/lock_core.c.obj
                0x0000000010001098                lock_init
 .text.mutex_init
                0x00000000100010a8       0x1c CMakeFiles/test.dir/home/ali-dev/pico/pico-sdk/src/common/pico_sync/mutex.c.obj
                0x00000000100010a8                mutex_init
 .text.critical_section_init
                0x00000000100010c4       0x18 CMakeFiles/test.dir/home/ali-dev/pico/pico-sdk/src/common/pico_sync/critical_section.c.obj
                0x00000000100010c4                critical_section_init
 .text.ph_merge_nodes
                0x00000000100010dc       0x68 CMakeFiles/test.dir/home/ali-dev/pico/pico-sdk/src/common/pico_util/pheap.c.obj
 .text.ph_create
                0x0000000010001144       0x64 CMakeFiles/test.dir/home/ali-dev/pico/pico-sdk/src/common/pico_util/pheap.c.obj
                0x0000000010001144                ph_create
 .text.ph_merge_two_pass
                0x00000000100011a8       0x90 CMakeFiles/test.dir/home/ali-dev/pico/pico-sdk/src/common/pico_util/pheap.c.obj
                0x00000000100011a8                ph_merge_two_pass
 .text.ph_remove_any_head
                0x0000000010001238       0xf8 CMakeFiles/test.dir/home/ali-dev/pico/pico-sdk/src/common/pico_util/pheap.c.obj
 .text.ph_remove_head_reserve
                0x0000000010001330      0x13c CMakeFiles/test.dir/home/ali-dev/pico/pico-sdk/src/common/pico_util/pheap.c.obj
                0x0000000010001330                ph_remove_head_reserve
 .text.ph_delete
                0x000000001000146c       0x7c CMakeFiles/test.dir/home/ali-dev/pico/pico-sdk/src/common/pico_util/pheap.c.obj
                0x000000001000146c                ph_delete
 .text.runtime_init
                0x00000000100014e8       0xec CMakeFiles/test.dir/home/ali-dev/pico/pico-sdk/src/rp2_common/pico_runtime/runtime.c.obj
                0x00000000100014e8                runtime_init
 .text._sbrk    0x00000000100015d4       0x34 CMakeFiles/test.dir/home/ali-dev/pico/pico-sdk/src/rp2_common/pico_runtime/runtime.c.obj
                0x00000000100015d4                _sbrk
 .text.exit     0x0000000010001608        0x4 CMakeFiles/test.dir/home/ali-dev/pico/pico-sdk/src/rp2_common/pico_runtime/runtime.c.obj
                0x0000000010001608                exit
 .text.panic    0x000000001000160c       0x30 CMakeFiles/test.dir/home/ali-dev/pico/pico-sdk/src/rp2_common/pico_runtime/runtime.c.obj
                0x000000001000160c                panic
 .text.hard_assertion_failure
                0x000000001000163c        0xc CMakeFiles/test.dir/home/ali-dev/pico/pico-sdk/src/rp2_common/pico_runtime/runtime.c.obj
                0x000000001000163c                hard_assertion_failure
 .text.clocks_init
                0x0000000010001648      0x2e0 CMakeFiles/test.dir/home/ali-dev/pico/pico-sdk/src/rp2_common/hardware_clocks/clocks.c.obj
                0x0000000010001648                clocks_init
 .text.clock_get_hz
                0x0000000010001928        0xc CMakeFiles/test.dir/home/ali-dev/pico/pico-sdk/src/rp2_common/hardware_clocks/clocks.c.obj
                0x0000000010001928                clock_get_hz
 .text.watchdog_start_tick
                0x0000000010001934       0x10 CMakeFiles/test.dir/home/ali-dev/pico/pico-sdk/src/rp2_common/hardware_watchdog/watchdog.c.obj
                0x0000000010001934                watchdog_start_tick
 .text.xosc_init
                0x0000000010001944       0x28 CMakeFiles/test.dir/home/ali-dev/pico/pico-sdk/src/rp2_common/hardware_xosc/xosc.c.obj
                0x0000000010001944                xosc_init
 .text.pll_init
                0x000000001000196c       0x54 CMakeFiles/test.dir/home/ali-dev/pico/pico-sdk/src/rp2_common/hardware_pll/pll.c.obj
                0x000000001000196c                pll_init
 .text.irq_set_enabled
                0x00000000100019c0       0x24 CMakeFiles/test.dir/home/ali-dev/pico/pico-sdk/src/rp2_common/hardware_irq/irq.c.obj
                0x00000000100019c0                irq_set_enabled
 .text.irq_set_pending
                0x00000000100019e4       0x10 CMakeFiles/test.dir/home/ali-dev/pico/pico-sdk/src/rp2_common/hardware_irq/irq.c.obj
                0x00000000100019e4                irq_set_pending
 .text.irq_get_vtable_handler
                0x00000000100019f4       0x10 CMakeFiles/test.dir/home/ali-dev/pico/pico-sdk/src/rp2_common/hardware_irq/irq.c.obj
                0x00000000100019f4                irq_get_vtable_handler
 .text.irq_set_exclusive_handler
                0x0000000010001a04       0x54 CMakeFiles/test.dir/home/ali-dev/pico/pico-sdk/src/rp2_common/hardware_irq/irq.c.obj
                0x0000000010001a04                irq_set_exclusive_handler
 .text.irq_remove_handler
                0x0000000010001a58      0x1c4 CMakeFiles/test.dir/home/ali-dev/pico/pico-sdk/src/rp2_common/hardware_irq/irq.c.obj
                0x0000000010001a58                irq_remove_handler
 .text.irq_add_tail_to_free_list
                0x0000000010001c1c       0xbc CMakeFiles/test.dir/home/ali-dev/pico/pico-sdk/src/rp2_common/hardware_irq/irq.c.obj
                0x0000000010001c1c                irq_add_tail_to_free_list
 .text.irq_init_priorities
                0x0000000010001cd8       0x38 CMakeFiles/test.dir/home/ali-dev/pico/pico-sdk/src/rp2_common/hardware_irq/irq.c.obj
                0x0000000010001cd8                irq_init_priorities
 .text._out_null
                0x0000000010001d10        0x4 CMakeFiles/test.dir/home/ali-dev/pico/pico-sdk/src/rp2_common/pico_printf/printf.c.obj
 .text._out_rev
                0x0000000010001d14       0xd0 CMakeFiles/test.dir/home/ali-dev/pico/pico-sdk/src/rp2_common/pico_printf/printf.c.obj
 .text._ntoa_format
                0x0000000010001de4      0x1d0 CMakeFiles/test.dir/home/ali-dev/pico/pico-sdk/src/rp2_common/pico_printf/printf.c.obj
 .text._out_char
                0x0000000010001fb4       0x10 CMakeFiles/test.dir/home/ali-dev/pico/pico-sdk/src/rp2_common/pico_printf/printf.c.obj
 .text._out_fct
                0x0000000010001fc4       0x10 CMakeFiles/test.dir/home/ali-dev/pico/pico-sdk/src/rp2_common/pico_printf/printf.c.obj
 .text._etoa    0x0000000010001fd4      0x44c CMakeFiles/test.dir/home/ali-dev/pico/pico-sdk/src/rp2_common/pico_printf/printf.c.obj
 .text._ftoa    0x0000000010002420      0x3e0 CMakeFiles/test.dir/home/ali-dev/pico/pico-sdk/src/rp2_common/pico_printf/printf.c.obj
 .text._vsnprintf
                0x0000000010002800      0xb08 CMakeFiles/test.dir/home/ali-dev/pico/pico-sdk/src/rp2_common/pico_printf/printf.c.obj
 .text.vfctprintf
                0x0000000010003308       0x20 CMakeFiles/test.dir/home/ali-dev/pico/pico-sdk/src/rp2_common/pico_printf/printf.c.obj
                0x0000000010003308                vfctprintf
 .text.weak_raw_vprintf
                0x0000000010003328       0x30 CMakeFiles/test.dir/home/ali-dev/pico/pico-sdk/src/rp2_common/pico_printf/printf.c.obj
                0x0000000010003328                weak_raw_vprintf
 .text          0x0000000010003358       0x10 CMakeFiles/test.dir/home/ali-dev/pico/pico-sdk/src/rp2_common/pico_bit_ops/bit_ops_aeabi.S.obj
 .text.rom_func_lookup
                0x0000000010003368       0x10 CMakeFiles/test.dir/home/ali-dev/pico/pico-sdk/src/rp2_common/pico_bootrom/bootrom.c.obj
                0x0000000010003368                rom_func_lookup
 .text.rom_data_lookup
                0x0000000010003378       0x10 CMakeFiles/test.dir/home/ali-dev/pico/pico-sdk/src/rp2_common/pico_bootrom/bootrom.c.obj
                0x0000000010003378                rom_data_lookup
 .text.rom_funcs_lookup
                0x0000000010003388       0x3c CMakeFiles/test.dir/home/ali-dev/pico/pico-sdk/src/rp2_common/pico_bootrom/bootrom.c.obj
                0x0000000010003388                rom_funcs_lookup
 .text.__wrap___aeabi_idiv
                0x00000000100033c4       0x58 CMakeFiles/test.dir/home/ali-dev/pico/pico-sdk/src/rp2_common/pico_divider/divider.S.obj
                0x00000000100033c4                __wrap___aeabi_idivmod
                0x00000000100033c4                divmod_s32s32
                0x00000000100033c4                div_s32s32
                0x00000000100033c4                __wrap___aeabi_idiv
                0x00000000100033cc                divmod_s32s32_unsafe
                0x00000000100033f8                divmod_s32s32_savestate
 .text.__wrap___aeabi_uidiv
                0x000000001000341c       0x54 CMakeFiles/test.dir/home/ali-dev/pico/pico-sdk/src/rp2_common/pico_divider/divider.S.obj
                0x000000001000341c                __wrap___aeabi_uidiv
                0x000000001000341c                __wrap___aeabi_uidivmod
                0x000000001000341c                div_u32u32
                0x000000001000341c                divmod_u32u32
                0x0000000010003424                divmod_u32u32_unsafe
                0x000000001000344c                divmod_u32u32_savestate
 .text.__wrap___aeabi_ldiv
                0x0000000010003470      0x430 CMakeFiles/test.dir/home/ali-dev/pico/pico-sdk/src/rp2_common/pico_divider/divider.S.obj
                0x0000000010003470                div_s64s64
                0x0000000010003470                divmod_s64s64
                0x0000000010003470                __wrap___aeabi_ldivmod
                0x00000000100034a8                div_u64u64
                0x00000000100034a8                divmod_u64u64
                0x00000000100034a8                __wrap___aeabi_uldivmod
                0x00000000100034b8                divmod_u64u64_savestate
                0x00000000100034e0                divmod_s64s64_unsafe
                0x0000000010003568                divmod_u64u64_unsafe
 .text.__wrap___aeabi_darithmetic
                0x00000000100038a0       0x54 CMakeFiles/test.dir/home/ali-dev/pico/pico-sdk/src/rp2_common/pico_double/double_aeabi.S.obj
                0x00000000100038a0                __wrap___aeabi_drsub
                0x00000000100038a6                __wrap___aeabi_dsub
                0x00000000100038b8                __wrap___aeabi_dadd
                0x00000000100038ca                __wrap___aeabi_ddiv
                0x00000000100038dc                __wrap___aeabi_dmul
 .text.__wrap___aeabi_cdcmple
                0x00000000100038f4       0x6c CMakeFiles/test.dir/home/ali-dev/pico/pico-sdk/src/rp2_common/pico_double/double_aeabi.S.obj
                0x00000000100038f4                __wrap___aeabi_cdrcmple
                0x0000000010003904                __wrap___aeabi_cdcmple
                0x0000000010003904                __wrap___aeabi_cdcmpeq
 .text.__wrap___aeabi_dcmplt
                0x0000000010003960        0xc CMakeFiles/test.dir/home/ali-dev/pico/pico-sdk/src/rp2_common/pico_double/double_aeabi.S.obj
                0x0000000010003960                __wrap___aeabi_dcmplt
 .text.__wrap___aeabi_dcmple
                0x000000001000396c       0x10 CMakeFiles/test.dir/home/ali-dev/pico/pico-sdk/src/rp2_common/pico_double/double_aeabi.S.obj
                0x000000001000396c                __wrap___aeabi_dcmple
 .text.__wrap___aeabi_dcmpge
                0x000000001000397c       0x10 CMakeFiles/test.dir/home/ali-dev/pico/pico-sdk/src/rp2_common/pico_double/double_aeabi.S.obj
                0x000000001000397c                __wrap___aeabi_dcmpge
 .text.__wrap___aeabi_dcmpgt
                0x000000001000398c        0xa CMakeFiles/test.dir/home/ali-dev/pico/pico-sdk/src/rp2_common/pico_double/double_aeabi.S.obj
                0x000000001000398c                __wrap___aeabi_dcmpgt
 .text.__wrap___aeabi_dcmpun
                0x0000000010003996       0x1c CMakeFiles/test.dir/home/ali-dev/pico/pico-sdk/src/rp2_common/pico_double/double_aeabi.S.obj
                0x0000000010003996                __wrap___aeabi_dcmpun
 *fill*         0x00000000100039b2        0x2 
 .text.__wrap___aeabi_i2d
                0x00000000100039b4       0x38 CMakeFiles/test.dir/home/ali-dev/pico/pico-sdk/src/rp2_common/pico_double/double_aeabi.S.obj
                0x00000000100039b4                __wrap___aeabi_ui2d
                0x00000000100039bc                __wrap___aeabi_i2d
 .text.__wrap___aeabi_d2iz
                0x00000000100039ec       0x48 CMakeFiles/test.dir/home/ali-dev/pico/pico-sdk/src/rp2_common/pico_double/double_aeabi.S.obj
                0x00000000100039ec                __wrap___aeabi_d2iz
                0x00000000100039ec                double2int_z
 .text.__wrap___aeabi_d2uiz
                0x0000000010003a34       0x18 CMakeFiles/test.dir/home/ali-dev/pico/pico-sdk/src/rp2_common/pico_double/double_aeabi.S.obj
                0x0000000010003a34                double2uint
                0x0000000010003a34                __wrap___aeabi_d2uiz
 .text.__aeabi_double_init
                0x0000000010003a4c       0xac CMakeFiles/test.dir/home/ali-dev/pico/pico-sdk/src/rp2_common/pico_double/double_init_rom.c.obj
                0x0000000010003a4c                __aeabi_double_init
 .text.double_table_shim_on_use_helper
                0x0000000010003af8       0x2c CMakeFiles/test.dir/home/ali-dev/pico/pico-sdk/src/rp2_common/pico_double/double_v1_rom_shim.S.obj
                0x0000000010003af8                double_table_shim_on_use_helper
 .text.__wrap___aeabi_dsub
                0x0000000010003b24       0x10 CMakeFiles/test.dir/home/ali-dev/pico/pico-sdk/src/rp2_common/pico_double/double_v1_rom_shim.S.obj
                0x0000000010003b24                drsub_shim
                0x0000000010003b2a                dsub_shim
 .text.dadd_shim
                0x0000000010003b34      0x15c CMakeFiles/test.dir/home/ali-dev/pico/pico-sdk/src/rp2_common/pico_double/double_v1_rom_shim.S.obj
                0x0000000010003b34                dadd_shim
 .text.dmul_shim
                0x0000000010003c90      0x15c CMakeFiles/test.dir/home/ali-dev/pico/pico-sdk/src/rp2_common/pico_double/double_v1_rom_shim.S.obj
                0x0000000010003c90                dmul_shim
 .text.ddiv_shim
                0x0000000010003dec      0x1b0 CMakeFiles/test.dir/home/ali-dev/pico/pico-sdk/src/rp2_common/pico_double/double_v1_rom_shim.S.obj
                0x0000000010003dec                ddiv_shim
 .text.dcordic_rot_step
                0x0000000010003f9c       0x7c CMakeFiles/test.dir/home/ali-dev/pico/pico-sdk/src/rp2_common/pico_double/double_v1_rom_shim.S.obj
                0x0000000010003f9c                dcordic_rot_step
 .text.double2uint_shim
                0x0000000010004018        0xe CMakeFiles/test.dir/home/ali-dev/pico/pico-sdk/src/rp2_common/pico_double/double_v1_rom_shim.S.obj
                0x0000000010004018                double2uint_shim
                0x000000001000401a                double2ufix_shim
 *fill*         0x0000000010004026        0x2 
 .text.double2uint64_shim
                0x0000000010004028       0x6c CMakeFiles/test.dir/home/ali-dev/pico/pico-sdk/src/rp2_common/pico_double/double_v1_rom_shim.S.obj
                0x0000000010004028                double2uint64_shim
                0x000000001000402a                double2ufix64_shim
                0x0000000010004044                d2fix_a
 .text.dunpacks
                0x0000000010004094       0x3c CMakeFiles/test.dir/home/ali-dev/pico/pico-sdk/src/rp2_common/pico_double/double_v1_rom_shim.S.obj
                0x0000000010004094                dunpacks
 .text.__aeabi_lmul
                0x00000000100040d0       0x32 CMakeFiles/test.dir/home/ali-dev/pico/pico-sdk/src/rp2_common/pico_int64_ops/pico_int64_ops_aeabi.S.obj
                0x00000000100040d0                __wrap___aeabi_lmul
 *fill*         0x0000000010004102        0x2 
 .text.__aeabi_float_init
                0x0000000010004104       0x64 CMakeFiles/test.dir/home/ali-dev/pico/pico-sdk/src/rp2_common/pico_float/float_init_rom.c.obj
                0x0000000010004104                __aeabi_float_init
 .text.float_table_shim_on_use_helper
                0x0000000010004168       0x2c CMakeFiles/test.dir/home/ali-dev/pico/pico-sdk/src/rp2_common/pico_float/float_v1_rom_shim.S.obj
                0x0000000010004168                float_table_shim_on_use_helper
 .text.__wrap_malloc
                0x0000000010004194        0x8 CMakeFiles/test.dir/home/ali-dev/pico/pico-sdk/src/rp2_common/pico_malloc/pico_malloc.c.obj
                0x0000000010004194                __wrap_malloc
 .text.__wrap_calloc
                0x000000001000419c        0x8 CMakeFiles/test.dir/home/ali-dev/pico/pico-sdk/src/rp2_common/pico_malloc/pico_malloc.c.obj
                0x000000001000419c                __wrap_calloc
 .text          0x00000000100041a4       0x10 CMakeFiles/test.dir/home/ali-dev/pico/pico-sdk/src/rp2_common/pico_mem_ops/mem_ops_aeabi.S.obj
                0x00000000100041a4                __aeabi_mem_init
 .text.memset   0x00000000100041b4        0xc CMakeFiles/test.dir/home/ali-dev/pico/pico-sdk/src/rp2_common/pico_mem_ops/mem_ops_aeabi.S.obj
                0x00000000100041b4                __wrap_memset
 .text.memcpy   0x00000000100041c0        0xc CMakeFiles/test.dir/home/ali-dev/pico/pico-sdk/src/rp2_common/pico_mem_ops/mem_ops_aeabi.S.obj
                0x00000000100041c0                __wrap___aeabi_memcpy
                0x00000000100041c0                __wrap_memcpy
 .text.stdio_out_chars_crlf.part.0
                0x00000000100041cc       0x84 CMakeFiles/test.dir/home/ali-dev/pico/pico-sdk/src/rp2_common/pico_stdio/stdio.c.obj
 .text.stdio_buffered_printer
                0x0000000010004250       0x78 CMakeFiles/test.dir/home/ali-dev/pico/pico-sdk/src/rp2_common/pico_stdio/stdio.c.obj
 .text.stdio_put_string
                0x00000000100042c8      0x100 CMakeFiles/test.dir/home/ali-dev/pico/pico-sdk/src/rp2_common/pico_stdio/stdio.c.obj
 .text.__wrap_putchar
                0x00000000100043c8       0x1c CMakeFiles/test.dir/home/ali-dev/pico/pico-sdk/src/rp2_common/pico_stdio/stdio.c.obj
                0x00000000100043c8                __wrap_putchar
 .text.__wrap_puts
                0x00000000100043e4       0x3c CMakeFiles/test.dir/home/ali-dev/pico/pico-sdk/src/rp2_common/pico_stdio/stdio.c.obj
                0x00000000100043e4                __wrap_puts
 .text.stdio_set_driver_enabled
                0x0000000010004420       0x3c CMakeFiles/test.dir/home/ali-dev/pico/pico-sdk/src/rp2_common/pico_stdio/stdio.c.obj
                0x0000000010004420                stdio_set_driver_enabled
 .text.__wrap_vprintf
                0x000000001000445c       0xe8 CMakeFiles/test.dir/home/ali-dev/pico/pico-sdk/src/rp2_common/pico_stdio/stdio.c.obj
                0x000000001000445c                __wrap_vprintf
 .text.__wrap_printf
                0x0000000010004544       0x18 CMakeFiles/test.dir/home/ali-dev/pico/pico-sdk/src/rp2_common/pico_stdio/stdio.c.obj
                0x0000000010004544                __wrap_printf
 .text.stdio_init_all
                0x000000001000455c        0xc CMakeFiles/test.dir/home/ali-dev/pico/pico-sdk/src/rp2_common/pico_stdio/stdio.c.obj
                0x000000001000455c                stdio_init_all
 .text.stdio_uart_out_chars
                0x0000000010004568       0x3c CMakeFiles/test.dir/home/ali-dev/pico/pico-sdk/src/rp2_common/pico_stdio_uart/stdio_uart.c.obj
 .text.stdio_uart_in_chars
                0x00000000100045a4       0x38 CMakeFiles/test.dir/home/ali-dev/pico/pico-sdk/src/rp2_common/pico_stdio_uart/stdio_uart.c.obj
                0x00000000100045a4                stdio_uart_in_chars
 .text.stdio_uart_init
                0x00000000100045dc       0x40 CMakeFiles/test.dir/home/ali-dev/pico/pico-sdk/src/rp2_common/pico_stdio_uart/stdio_uart.c.obj
                0x00000000100045dc                stdio_uart_init
 .text.stdio_usb_in_chars
                0x000000001000461c       0x68 CMakeFiles/test.dir/home/ali-dev/pico/pico-sdk/src/rp2_common/pico_stdio_usb/stdio_usb.c.obj
                0x000000001000461c                stdio_usb_in_chars
 .text.stdio_usb_out_chars
                0x0000000010004684       0xec CMakeFiles/test.dir/home/ali-dev/pico/pico-sdk/src/rp2_common/pico_stdio_usb/stdio_usb.c.obj
 .text.timer_task
                0x0000000010004770       0x10 CMakeFiles/test.dir/home/ali-dev/pico/pico-sdk/src/rp2_common/pico_stdio_usb/stdio_usb.c.obj
 .text.low_priority_worker_irq
                0x0000000010004780       0x24 CMakeFiles/test.dir/home/ali-dev/pico/pico-sdk/src/rp2_common/pico_stdio_usb/stdio_usb.c.obj
 .text.stdio_usb_init
                0x00000000100047a4       0x90 CMakeFiles/test.dir/home/ali-dev/pico/pico-sdk/src/rp2_common/pico_stdio_usb/stdio_usb.c.obj
                0x00000000100047a4                stdio_usb_init
 .text.tud_descriptor_device_cb
                0x0000000010004834        0x8 CMakeFiles/test.dir/home/ali-dev/pico/pico-sdk/src/rp2_common/pico_stdio_usb/stdio_usb_descriptors.c.obj
                0x0000000010004834                tud_descriptor_device_cb
 .text.tud_descriptor_configuration_cb
                0x000000001000483c        0x8 CMakeFiles/test.dir/home/ali-dev/pico/pico-sdk/src/rp2_common/pico_stdio_usb/stdio_usb_descriptors.c.obj
                0x000000001000483c                tud_descriptor_configuration_cb
 .text.tud_descriptor_string_cb
                0x0000000010004844       0x5c CMakeFiles/test.dir/home/ali-dev/pico/pico-sdk/src/rp2_common/pico_stdio_usb/stdio_usb_descriptors.c.obj
                0x0000000010004844                tud_descriptor_string_cb
 .text.dcd_rp2040_irq
                0x00000000100048a0      0x130 CMakeFiles/test.dir/home/ali-dev/pico/pico-sdk/lib/tinyusb/src/portable/raspberrypi/rp2040/dcd_rp2040.c.obj
 .text.dcd_int_enable
                0x00000000100049d0        0xc CMakeFiles/test.dir/home/ali-dev/pico/pico-sdk/lib/tinyusb/src/portable/raspberrypi/rp2040/dcd_rp2040.c.obj
                0x00000000100049d0                dcd_int_enable
 .text.dcd_set_address
                0x00000000100049dc       0x30 CMakeFiles/test.dir/home/ali-dev/pico/pico-sdk/lib/tinyusb/src/portable/raspberrypi/rp2040/dcd_rp2040.c.obj
                0x00000000100049dc                dcd_set_address
 .text.dcd_connect
                0x0000000010004a0c       0x10 CMakeFiles/test.dir/home/ali-dev/pico/pico-sdk/lib/tinyusb/src/portable/raspberrypi/rp2040/dcd_rp2040.c.obj
                0x0000000010004a0c                dcd_connect
 .text.dcd_init
                0x0000000010004a1c       0xb0 CMakeFiles/test.dir/home/ali-dev/pico/pico-sdk/lib/tinyusb/src/portable/raspberrypi/rp2040/dcd_rp2040.c.obj
                0x0000000010004a1c                dcd_init
 .text.dcd_edpt0_status_complete
                0x0000000010004acc       0x38 CMakeFiles/test.dir/home/ali-dev/pico/pico-sdk/lib/tinyusb/src/portable/raspberrypi/rp2040/dcd_rp2040.c.obj
                0x0000000010004acc                dcd_edpt0_status_complete
 .text.dcd_edpt_open
                0x0000000010004b04      0x148 CMakeFiles/test.dir/home/ali-dev/pico/pico-sdk/lib/tinyusb/src/portable/raspberrypi/rp2040/dcd_rp2040.c.obj
                0x0000000010004b04                dcd_edpt_open
 .text.dcd_edpt_xfer
                0x0000000010004c4c       0x2c CMakeFiles/test.dir/home/ali-dev/pico/pico-sdk/lib/tinyusb/src/portable/raspberrypi/rp2040/dcd_rp2040.c.obj
                0x0000000010004c4c                dcd_edpt_xfer
 .text.dcd_edpt_stall
                0x0000000010004c78       0x50 CMakeFiles/test.dir/home/ali-dev/pico/pico-sdk/lib/tinyusb/src/portable/raspberrypi/rp2040/dcd_rp2040.c.obj
                0x0000000010004c78                dcd_edpt_stall
 .text.dcd_edpt_clear_stall
                0x0000000010004cc8       0x50 CMakeFiles/test.dir/home/ali-dev/pico/pico-sdk/lib/tinyusb/src/portable/raspberrypi/rp2040/dcd_rp2040.c.obj
                0x0000000010004cc8                dcd_edpt_clear_stall
 .text.rp2040_usb_init
                0x0000000010004d18       0x50 CMakeFiles/test.dir/home/ali-dev/pico/pico-sdk/lib/tinyusb/src/portable/raspberrypi/rp2040/rp2040_usb.c.obj
                0x0000000010004d18                rp2040_usb_init
 .text.hw_endpoint_reset_transfer
                0x0000000010004d68       0x14 CMakeFiles/test.dir/home/ali-dev/pico/pico-sdk/lib/tinyusb/src/portable/raspberrypi/rp2040/rp2040_usb.c.obj
                0x0000000010004d68                hw_endpoint_reset_transfer
 .text._hw_endpoint_buffer_control_update32
                0x0000000010004d7c       0x54 CMakeFiles/test.dir/home/ali-dev/pico/pico-sdk/lib/tinyusb/src/portable/raspberrypi/rp2040/rp2040_usb.c.obj
                0x0000000010004d7c                _hw_endpoint_buffer_control_update32
 .text._hw_endpoint_xfer_continue
                0x0000000010004dd0      0x10c CMakeFiles/test.dir/home/ali-dev/pico/pico-sdk/lib/tinyusb/src/portable/raspberrypi/rp2040/rp2040_usb.c.obj
                0x0000000010004dd0                _hw_endpoint_xfer_continue
 .text._hw_endpoint_xfer
                0x0000000010004edc       0xc0 CMakeFiles/test.dir/home/ali-dev/pico/pico-sdk/lib/tinyusb/src/portable/raspberrypi/rp2040/rp2040_usb.c.obj
                0x0000000010004edc                _hw_endpoint_xfer
 .text.tud_mounted
                0x0000000010004f9c       0x10 CMakeFiles/test.dir/home/ali-dev/pico/pico-sdk/lib/tinyusb/src/device/usbd.c.obj
                0x0000000010004f9c                tud_mounted
 .text.tud_suspended
                0x0000000010004fac       0x10 CMakeFiles/test.dir/home/ali-dev/pico/pico-sdk/lib/tinyusb/src/device/usbd.c.obj
                0x0000000010004fac                tud_suspended
 .text.tud_init
                0x0000000010004fbc       0xb0 CMakeFiles/test.dir/home/ali-dev/pico/pico-sdk/lib/tinyusb/src/device/usbd.c.obj
                0x0000000010004fbc                tud_init
 .text.tud_task
                0x000000001000506c      0x80c CMakeFiles/test.dir/home/ali-dev/pico/pico-sdk/lib/tinyusb/src/device/usbd.c.obj
                0x000000001000506c                tud_task
 .text.dcd_event_bus_signal
                0x0000000010005878       0xe0 CMakeFiles/test.dir/home/ali-dev/pico/pico-sdk/lib/tinyusb/src/device/usbd.c.obj
                0x0000000010005878                dcd_event_bus_signal
 .text.dcd_event_setup_received
                0x0000000010005958       0x50 CMakeFiles/test.dir/home/ali-dev/pico/pico-sdk/lib/tinyusb/src/device/usbd.c.obj
                0x0000000010005958                dcd_event_setup_received
 .text.dcd_event_xfer_complete
                0x00000000100059a8       0x68 CMakeFiles/test.dir/home/ali-dev/pico/pico-sdk/lib/tinyusb/src/device/usbd.c.obj
                0x00000000100059a8                dcd_event_xfer_complete
 .text.usbd_open_edpt_pair
                0x0000000010005a10       0x68 CMakeFiles/test.dir/home/ali-dev/pico/pico-sdk/lib/tinyusb/src/device/usbd.c.obj
                0x0000000010005a10                usbd_open_edpt_pair
 .text.usbd_edpt_open
                0x0000000010005a78        0x8 CMakeFiles/test.dir/home/ali-dev/pico/pico-sdk/lib/tinyusb/src/device/usbd.c.obj
                0x0000000010005a78                usbd_edpt_open
 .text.usbd_edpt_claim
                0x0000000010005a80       0x64 CMakeFiles/test.dir/home/ali-dev/pico/pico-sdk/lib/tinyusb/src/device/usbd.c.obj
                0x0000000010005a80                usbd_edpt_claim
 .text.usbd_edpt_release
                0x0000000010005ae4       0x4c CMakeFiles/test.dir/home/ali-dev/pico/pico-sdk/lib/tinyusb/src/device/usbd.c.obj
                0x0000000010005ae4                usbd_edpt_release
 .text.usbd_edpt_xfer
                0x0000000010005b30       0x48 CMakeFiles/test.dir/home/ali-dev/pico/pico-sdk/lib/tinyusb/src/device/usbd.c.obj
                0x0000000010005b30                usbd_edpt_xfer
 .text.tud_control_status
                0x0000000010005b78       0x30 CMakeFiles/test.dir/home/ali-dev/pico/pico-sdk/lib/tinyusb/src/device/usbd_control.c.obj
                0x0000000010005b78                tud_control_status
 .text.tud_control_xfer
                0x0000000010005ba8       0xb8 CMakeFiles/test.dir/home/ali-dev/pico/pico-sdk/lib/tinyusb/src/device/usbd_control.c.obj
                0x0000000010005ba8                tud_control_xfer
 .text.usbd_control_reset
                0x0000000010005c60       0x14 CMakeFiles/test.dir/home/ali-dev/pico/pico-sdk/lib/tinyusb/src/device/usbd_control.c.obj
                0x0000000010005c60                usbd_control_reset
 .text.usbd_control_set_complete_callback
                0x0000000010005c74        0xc CMakeFiles/test.dir/home/ali-dev/pico/pico-sdk/lib/tinyusb/src/device/usbd_control.c.obj
                0x0000000010005c74                usbd_control_set_complete_callback
 .text.usbd_control_set_request
                0x0000000010005c80       0x1c CMakeFiles/test.dir/home/ali-dev/pico/pico-sdk/lib/tinyusb/src/device/usbd_control.c.obj
                0x0000000010005c80                usbd_control_set_request
 .text.usbd_control_xfer_cb
                0x0000000010005c9c       0xe8 CMakeFiles/test.dir/home/ali-dev/pico/pico-sdk/lib/tinyusb/src/device/usbd_control.c.obj
                0x0000000010005c9c                usbd_control_xfer_cb
 .text.tud_cdc_n_connected
                0x0000000010005d84       0x34 CMakeFiles/test.dir/home/ali-dev/pico/pico-sdk/lib/tinyusb/src/class/cdc/cdc_device.c.obj
                0x0000000010005d84                tud_cdc_n_connected
 .text.tud_cdc_n_available
                0x0000000010005db8       0x20 CMakeFiles/test.dir/home/ali-dev/pico/pico-sdk/lib/tinyusb/src/class/cdc/cdc_device.c.obj
                0x0000000010005db8                tud_cdc_n_available
 .text.tud_cdc_n_read
                0x0000000010005dd8       0x74 CMakeFiles/test.dir/home/ali-dev/pico/pico-sdk/lib/tinyusb/src/class/cdc/cdc_device.c.obj
                0x0000000010005dd8                tud_cdc_n_read
 .text.tud_cdc_n_write_flush
                0x0000000010005e4c       0xa4 CMakeFiles/test.dir/home/ali-dev/pico/pico-sdk/lib/tinyusb/src/class/cdc/cdc_device.c.obj
                0x0000000010005e4c                tud_cdc_n_write_flush
 .text.tud_cdc_n_write
                0x0000000010005ef0       0x38 CMakeFiles/test.dir/home/ali-dev/pico/pico-sdk/lib/tinyusb/src/class/cdc/cdc_device.c.obj
                0x0000000010005ef0                tud_cdc_n_write
 .text.tud_cdc_n_write_available
                0x0000000010005f28       0x20 CMakeFiles/test.dir/home/ali-dev/pico/pico-sdk/lib/tinyusb/src/class/cdc/cdc_device.c.obj
                0x0000000010005f28                tud_cdc_n_write_available
 .text.cdcd_init
                0x0000000010005f48       0x78 CMakeFiles/test.dir/home/ali-dev/pico/pico-sdk/lib/tinyusb/src/class/cdc/cdc_device.c.obj
                0x0000000010005f48                cdcd_init
 .text.cdcd_reset
                0x0000000010005fc0       0x24 CMakeFiles/test.dir/home/ali-dev/pico/pico-sdk/lib/tinyusb/src/class/cdc/cdc_device.c.obj
                0x0000000010005fc0                cdcd_reset
 .text.cdcd_open
                0x0000000010005fe4       0xec CMakeFiles/test.dir/home/ali-dev/pico/pico-sdk/lib/tinyusb/src/class/cdc/cdc_device.c.obj
                0x0000000010005fe4                cdcd_open
 .text.cdcd_control_complete
                0x00000000100060d0       0x44 CMakeFiles/test.dir/home/ali-dev/pico/pico-sdk/lib/tinyusb/src/class/cdc/cdc_device.c.obj
                0x00000000100060d0                cdcd_control_complete
 .text.cdcd_control_request
                0x0000000010006114       0x68 CMakeFiles/test.dir/home/ali-dev/pico/pico-sdk/lib/tinyusb/src/class/cdc/cdc_device.c.obj
                0x0000000010006114                cdcd_control_request
 .text.cdcd_xfer_cb
                0x000000001000617c      0x1b4 CMakeFiles/test.dir/home/ali-dev/pico/pico-sdk/lib/tinyusb/src/class/cdc/cdc_device.c.obj
                0x000000001000617c                cdcd_xfer_cb
 .text.tusb_init
                0x0000000010006330       0x20 CMakeFiles/test.dir/home/ali-dev/pico/pico-sdk/lib/tinyusb/src/tusb.c.obj
                0x0000000010006330                tusb_init
 .text.tusb_inited
                0x0000000010006350        0xc CMakeFiles/test.dir/home/ali-dev/pico/pico-sdk/lib/tinyusb/src/tusb.c.obj
                0x0000000010006350                tusb_inited
 .text.tu_fifo_config
                0x000000001000635c       0x78 CMakeFiles/test.dir/home/ali-dev/pico/pico-sdk/lib/tinyusb/src/common/tusb_fifo.c.obj
                0x000000001000635c                tu_fifo_config
 .text.tu_fifo_count
                0x00000000100063d4       0x18 CMakeFiles/test.dir/home/ali-dev/pico/pico-sdk/lib/tinyusb/src/common/tusb_fifo.c.obj
                0x00000000100063d4                tu_fifo_count
 .text.tu_fifo_remaining
                0x00000000100063ec       0x1c CMakeFiles/test.dir/home/ali-dev/pico/pico-sdk/lib/tinyusb/src/common/tusb_fifo.c.obj
                0x00000000100063ec                tu_fifo_remaining
 .text.tu_fifo_read
                0x0000000010006408       0xa8 CMakeFiles/test.dir/home/ali-dev/pico/pico-sdk/lib/tinyusb/src/common/tusb_fifo.c.obj
                0x0000000010006408                tu_fifo_read
 .text.tu_fifo_read_n
                0x00000000100064b0       0xf0 CMakeFiles/test.dir/home/ali-dev/pico/pico-sdk/lib/tinyusb/src/common/tusb_fifo.c.obj
                0x00000000100064b0                tu_fifo_read_n
 .text.tu_fifo_write
                0x00000000100065a0       0x84 CMakeFiles/test.dir/home/ali-dev/pico/pico-sdk/lib/tinyusb/src/common/tusb_fifo.c.obj
                0x00000000100065a0                tu_fifo_write
 .text.tu_fifo_write_n
                0x0000000010006624       0xfc CMakeFiles/test.dir/home/ali-dev/pico/pico-sdk/lib/tinyusb/src/common/tusb_fifo.c.obj
                0x0000000010006624                tu_fifo_write_n
 .text.tu_fifo_clear
                0x0000000010006720       0x2c CMakeFiles/test.dir/home/ali-dev/pico/pico-sdk/lib/tinyusb/src/common/tusb_fifo.c.obj
                0x0000000010006720                tu_fifo_clear
 .text          0x000000001000674c       0x18 /usr/lib/gcc/arm-none-eabi/9.2.1/../../../arm-none-eabi/lib/thumb/v6-m/nofp/libc.a(lib_a-calloc.o)
                0x000000001000674c                calloc
 .text          0x0000000010006764       0x5c /usr/lib/gcc/arm-none-eabi/9.2.1/../../../arm-none-eabi/lib/thumb/v6-m/nofp/libc.a(lib_a-callocr.o)
                0x0000000010006764                _calloc_r
 .text          0x00000000100067c0       0x28 /usr/lib/gcc/arm-none-eabi/9.2.1/../../../arm-none-eabi/lib/thumb/v6-m/nofp/libc.a(lib_a-malloc.o)
                0x00000000100067c0                malloc
                0x00000000100067d4                free
 .text          0x00000000100067e8      0x58c /usr/lib/gcc/arm-none-eabi/9.2.1/../../../arm-none-eabi/lib/thumb/v6-m/nofp/libc.a(lib_a-mallocr.o)
                0x00000000100067e8                _malloc_r
 .text          0x0000000010006d74        0x8 /usr/lib/gcc/arm-none-eabi/9.2.1/../../../arm-none-eabi/lib/thumb/v6-m/nofp/libc.a(lib_a-mlock.o)
                0x0000000010006d74                __malloc_lock
                0x0000000010006d78                __malloc_unlock
 .text          0x0000000010006d7c       0x24 /usr/lib/gcc/arm-none-eabi/9.2.1/../../../arm-none-eabi/lib/thumb/v6-m/nofp/libc.a(lib_a-sbrkr.o)
                0x0000000010006d7c                _sbrk_r
 .text          0x0000000010006da0       0x68 /usr/lib/gcc/arm-none-eabi/9.2.1/../../../arm-none-eabi/lib/thumb/v6-m/nofp/libc.a(lib_a-strlen-stub.o)
                0x0000000010006da0                strlen
 .text          0x0000000010006e08      0x27c /usr/lib/gcc/arm-none-eabi/9.2.1/../../../arm-none-eabi/lib/thumb/v6-m/nofp/libc.a(lib_a-freer.o)
                0x0000000010006e08                _malloc_trim_r
                0x0000000010006ea8                _free_r
 *(.fini)
 .fini          0x0000000010007084        0x4 /usr/lib/gcc/arm-none-eabi/9.2.1/thumb/v6-m/nofp/crti.o
                0x0000000010007084                _fini
 .fini.__stub   0x0000000010007088       0x60 linker stubs
 *crtbegin.o(.ctors)
 *crtbegin?.o(.ctors)
 *(EXCLUDE_FILE(*crtend.o *crtend?.o) .ctors)
 *(SORT_BY_NAME(.ctors.*))
 *(.ctors)
 *crtbegin.o(.dtors)
 *crtbegin?.o(.dtors)
 *(EXCLUDE_FILE(*crtend.o *crtend?.o) .dtors)
 *(SORT_BY_NAME(.dtors.*))
 *(.dtors)
 *(.eh_frame*)
 .eh_frame      0x00000000100070e8        0x0 /usr/lib/gcc/arm-none-eabi/9.2.1/thumb/v6-m/nofp/crtbegin.o
                0x00000000100070e8                . = ALIGN (0x4)

.glue_7         0x00000000100070e8        0x0
 .glue_7        0x00000000100070e8        0x0 linker stubs

.glue_7t        0x00000000100070e8        0x0
 .glue_7t       0x00000000100070e8        0x0 linker stubs

.vfp11_veneer   0x00000000100070e8        0x0
 .vfp11_veneer  0x00000000100070e8        0x0 linker stubs

.v4_bx          0x00000000100070e8        0x0
 .v4_bx         0x00000000100070e8        0x0 linker stubs

.iplt           0x00000000100070e8        0x0
 .iplt          0x00000000100070e8        0x0 /usr/lib/gcc/arm-none-eabi/9.2.1/thumb/v6-m/nofp/crtbegin.o

.rodata         0x00000000100070e8      0x55c
 *(EXCLUDE_FILE(*libm.a: *libc.a:*lib_a-mem*.o *libgcc.a:) .rodata*)
 .rodata.main.str1.4
                0x00000000100070e8        0xe CMakeFiles/test.dir/test.c.obj
 *fill*         0x00000000100070f6        0x2 
 .rodata.spin_lock_claim_unused.str1.4
                0x00000000100070f8       0x1b CMakeFiles/test.dir/home/ali-dev/pico/pico-sdk/src/rp2_common/hardware_sync/sync.c.obj
 *fill*         0x0000000010007113        0x1 
 .rodata.hardware_alarm_claim.str1.4
                0x0000000010007114       0x22 CMakeFiles/test.dir/home/ali-dev/pico/pico-sdk/src/rp2_common/hardware_timer/timer.c.obj
 *fill*         0x0000000010007136        0x2 
 .rodata.panic.str1.4
                0x0000000010007138       0x10 CMakeFiles/test.dir/home/ali-dev/pico/pico-sdk/src/rp2_common/pico_runtime/runtime.c.obj
                                         0x12 (size before relaxing)
 .rodata.hard_assertion_failure.str1.4
                0x0000000010007148        0xc CMakeFiles/test.dir/home/ali-dev/pico/pico-sdk/src/rp2_common/pico_runtime/runtime.c.obj
 .rodata._ftoa.str1.4
                0x0000000010007154       0x15 CMakeFiles/test.dir/home/ali-dev/pico/pico-sdk/src/rp2_common/pico_printf/printf.c.obj
 *fill*         0x0000000010007169        0x3 
 .rodata._vsnprintf
                0x000000001000716c      0x1e0 CMakeFiles/test.dir/home/ali-dev/pico/pico-sdk/src/rp2_common/pico_printf/printf.c.obj
 *fill*         0x000000001000734c        0x4 
 .rodata.pow10.5423
                0x0000000010007350       0x50 CMakeFiles/test.dir/home/ali-dev/pico/pico-sdk/src/rp2_common/pico_printf/printf.c.obj
 .rodata.str1.4
                0x00000000100073a0       0x2c CMakeFiles/test.dir/home/ali-dev/pico/pico-sdk/src/rp2_common/pico_standard_link/binary_info.c.obj
 .rodata.__bi_40
                0x00000000100073cc        0xc CMakeFiles/test.dir/home/ali-dev/pico/pico-sdk/src/rp2_common/pico_standard_link/binary_info.c.obj
 .rodata.__bi_71
                0x00000000100073d8        0xc CMakeFiles/test.dir/home/ali-dev/pico/pico-sdk/src/rp2_common/pico_standard_link/binary_info.c.obj
 .rodata.crlf_str.5959
                0x00000000100073e4        0x2 CMakeFiles/test.dir/home/ali-dev/pico/pico-sdk/src/rp2_common/pico_stdio/stdio.c.obj
 *fill*         0x00000000100073e6        0x2 
 .rodata.str1.4
                0x00000000100073e8       0x2c CMakeFiles/test.dir/home/ali-dev/pico/pico-sdk/src/rp2_common/pico_stdio_uart/stdio_uart.c.obj
 .rodata.__bi_27.4685
                0x0000000010007414        0xc CMakeFiles/test.dir/home/ali-dev/pico/pico-sdk/src/rp2_common/pico_stdio_uart/stdio_uart.c.obj
 .rodata.__bi_28.4689
                0x0000000010007420        0x8 CMakeFiles/test.dir/home/ali-dev/pico/pico-sdk/src/rp2_common/pico_stdio_uart/stdio_uart.c.obj
 .rodata.str1.4
                0x0000000010007428       0x13 CMakeFiles/test.dir/home/ali-dev/pico/pico-sdk/src/rp2_common/pico_stdio_usb/stdio_usb.c.obj
 *fill*         0x000000001000743b        0x1 
 .rodata.__bi_93.6981
                0x000000001000743c        0xc CMakeFiles/test.dir/home/ali-dev/pico/pico-sdk/src/rp2_common/pico_stdio_usb/stdio_usb.c.obj
 .rodata.str1.4
                0x0000000010007448       0x32 CMakeFiles/test.dir/home/ali-dev/pico/pico-sdk/src/rp2_common/pico_stdio_usb/stdio_usb_descriptors.c.obj
 *fill*         0x000000001000747a        0x2 
 .rodata.usbd_desc_cfg
                0x000000001000747c       0x4b CMakeFiles/test.dir/home/ali-dev/pico/pico-sdk/src/rp2_common/pico_stdio_usb/stdio_usb_descriptors.c.obj
 *fill*         0x00000000100074c7        0x1 
 .rodata.usbd_desc_device
                0x00000000100074c8       0x12 CMakeFiles/test.dir/home/ali-dev/pico/pico-sdk/src/rp2_common/pico_stdio_usb/stdio_usb_descriptors.c.obj
 *fill*         0x00000000100074da        0x2 
 .rodata.usbd_desc_str
                0x00000000100074dc       0x14 CMakeFiles/test.dir/home/ali-dev/pico/pico-sdk/src/rp2_common/pico_stdio_usb/stdio_usb_descriptors.c.obj
 .rodata.dcd_rp2040_irq.str1.4
                0x00000000100074f0       0x14 CMakeFiles/test.dir/home/ali-dev/pico/pico-sdk/lib/tinyusb/src/portable/raspberrypi/rp2040/dcd_rp2040.c.obj
 .rodata.dcd_edpt_open.str1.4
                0x0000000010007504       0x28 CMakeFiles/test.dir/home/ali-dev/pico/pico-sdk/lib/tinyusb/src/portable/raspberrypi/rp2040/dcd_rp2040.c.obj
 .rodata._hw_endpoint_buffer_control_update32.str1.4
                0x000000001000752c       0x1f CMakeFiles/test.dir/home/ali-dev/pico/pico-sdk/lib/tinyusb/src/portable/raspberrypi/rp2040/rp2040_usb.c.obj
 *fill*         0x000000001000754b        0x1 
 .rodata._hw_endpoint_xfer_continue.str1.4
                0x000000001000754c       0x50 CMakeFiles/test.dir/home/ali-dev/pico/pico-sdk/lib/tinyusb/src/portable/raspberrypi/rp2040/rp2040_usb.c.obj
 .rodata.str1.4
                0x000000001000759c       0x50 CMakeFiles/test.dir/home/ali-dev/pico/pico-sdk/lib/tinyusb/src/portable/raspberrypi/rp2040/rp2040_usb.c.obj
                                          0x7 (size before relaxing)
 .rodata.tud_task
                0x000000001000759c       0x8c CMakeFiles/test.dir/home/ali-dev/pico/pico-sdk/lib/tinyusb/src/device/usbd.c.obj
 .rodata._usbd_driver
                0x0000000010007628       0x1c CMakeFiles/test.dir/home/ali-dev/pico/pico-sdk/lib/tinyusb/src/device/usbd.c.obj
                0x0000000010007644                . = ALIGN (0x4)
 *(SORT_BY_ALIGNMENT(SORT_BY_NAME(.flashdata*)))
                0x0000000010007644                . = ALIGN (0x4)

.rel.dyn        0x0000000010007644        0x0
 .rel.iplt      0x0000000010007644        0x0 /usr/lib/gcc/arm-none-eabi/9.2.1/thumb/v6-m/nofp/crtbegin.o

.ARM.extab
 *(.ARM.extab* .gnu.linkonce.armextab.*)
                0x0000000010007644                __exidx_start = .

.ARM.exidx
 *(.ARM.exidx* .gnu.linkonce.armexidx.*)
                0x0000000010007644                __exidx_end = .
                0x0000000010007644                . = ALIGN (0x4)
                0x0000000010007644                __binary_info_start = .

.binary_info    0x0000000010007644       0x24
 *(.binary_info.keep.*)
 .binary_info.keep.__bi_ptr18
                0x0000000010007644        0x4 CMakeFiles/test.dir/home/ali-dev/pico/pico-sdk/src/rp2_common/pico_standard_link/binary_info.c.obj
 .binary_info.keep.__bi_ptr26
                0x0000000010007648        0x4 CMakeFiles/test.dir/home/ali-dev/pico/pico-sdk/src/rp2_common/pico_standard_link/binary_info.c.obj
 .binary_info.keep.__bi_ptr34
                0x000000001000764c        0x4 CMakeFiles/test.dir/home/ali-dev/pico/pico-sdk/src/rp2_common/pico_standard_link/binary_info.c.obj
 .binary_info.keep.__bi_ptr40
                0x0000000010007650        0x4 CMakeFiles/test.dir/home/ali-dev/pico/pico-sdk/src/rp2_common/pico_standard_link/binary_info.c.obj
 .binary_info.keep.__bi_ptr46
                0x0000000010007654        0x4 CMakeFiles/test.dir/home/ali-dev/pico/pico-sdk/src/rp2_common/pico_standard_link/binary_info.c.obj
 .binary_info.keep.__bi_ptr71
                0x0000000010007658        0x4 CMakeFiles/test.dir/home/ali-dev/pico/pico-sdk/src/rp2_common/pico_standard_link/binary_info.c.obj
 *(.binary_info.*)
 .binary_info.__bi_ptr27
                0x000000001000765c        0x4 CMakeFiles/test.dir/home/ali-dev/pico/pico-sdk/src/rp2_common/pico_stdio_uart/stdio_uart.c.obj
 .binary_info.__bi_ptr28
                0x0000000010007660        0x4 CMakeFiles/test.dir/home/ali-dev/pico/pico-sdk/src/rp2_common/pico_stdio_uart/stdio_uart.c.obj
 .binary_info.__bi_ptr93
                0x0000000010007664        0x4 CMakeFiles/test.dir/home/ali-dev/pico/pico-sdk/src/rp2_common/pico_stdio_usb/stdio_usb.c.obj
                0x0000000010007668                __binary_info_end = .
                0x0000000010007668                . = ALIGN (0x4)
                0x0000000010007668                __etext = .

.ram_vector_table
                0x0000000020000000       0xc0
 *(.ram_vector_table)
 .ram_vector_table
                0x0000000020000000       0xc0 CMakeFiles/test.dir/home/ali-dev/pico/pico-sdk/src/rp2_common/pico_runtime/runtime.c.obj
                0x0000000020000000                ram_vector_table

.data           0x00000000200000c0      0xaac load address 0x0000000010007668
                0x00000000200000c0                __data_start__ = .
 *(vtable)
 *(.time_critical*)
 .time_critical.mutex_enter_blocking
                0x00000000200000c0       0x4c CMakeFiles/test.dir/home/ali-dev/pico/pico-sdk/src/common/pico_sync/mutex.c.obj
                0x00000000200000c0                mutex_enter_blocking
 .time_critical.mutex_try_enter
                0x000000002000010c       0x48 CMakeFiles/test.dir/home/ali-dev/pico/pico-sdk/src/common/pico_sync/mutex.c.obj
                0x000000002000010c                mutex_try_enter
 .time_critical.mutex_enter_timeout_ms
                0x0000000020000154       0x98 CMakeFiles/test.dir/home/ali-dev/pico/pico-sdk/src/common/pico_sync/mutex.c.obj
                0x0000000020000154                mutex_enter_timeout_ms
 .time_critical.mutex_exit
                0x00000000200001ec       0x28 CMakeFiles/test.dir/home/ali-dev/pico/pico-sdk/src/common/pico_sync/mutex.c.obj
                0x00000000200001ec                mutex_exit
 *(.text*)
 .text          0x0000000020000214        0x4 /usr/lib/gcc/arm-none-eabi/9.2.1/thumb/v6-m/nofp/libgcc.a(_dvmd_tls.o)
                0x0000000020000214                __aeabi_ldiv0
                0x0000000020000214                __aeabi_idiv0
 .text.__stub   0x0000000020000218       0x30 linker stubs
                0x0000000020000248                . = ALIGN (0x4)
 *(.rodata*)
                0x0000000020000248                . = ALIGN (0x4)
 *(.data*)
 .data.striped_spin_lock_num
                0x0000000020000248        0x1 CMakeFiles/test.dir/home/ali-dev/pico/pico-sdk/src/rp2_common/hardware_sync/sync.c.obj
 *fill*         0x0000000020000249        0x3 
 .data          0x000000002000024c       0x48 CMakeFiles/test.dir/home/ali-dev/pico/pico-sdk/src/rp2_common/hardware_irq/irq_handler_chain.S.obj
                0x000000002000024c                irq_handler_chain_slots
                0x000000002000027c                irq_handler_chain_first_slot
                0x0000000020000286                irq_handler_chain_remove_tail
 *fill*         0x0000000020000294        0xc 
 .data.aeabi_bits_funcs
                0x00000000200002a0       0x10 CMakeFiles/test.dir/home/ali-dev/pico/pico-sdk/src/rp2_common/pico_bit_ops/bit_ops_aeabi.S.obj
                0x00000000200002a0                aeabi_bits_funcs
                0x00000000200002b0                aeabi_bits_funcs_end
 .data.aeabi_mem_funcs
                0x00000000200002b0       0x10 CMakeFiles/test.dir/home/ali-dev/pico/pico-sdk/src/rp2_common/pico_mem_ops/mem_ops_aeabi.S.obj
                0x00000000200002b0                aeabi_mem_funcs
                0x00000000200002c0                aeabi_mem_funcs_end
 .data.stdio_uart
                0x00000000200002c0       0x14 CMakeFiles/test.dir/home/ali-dev/pico/pico-sdk/src/rp2_common/pico_stdio_uart/stdio_uart.c.obj
                0x00000000200002c0                stdio_uart
 .data.stdio_usb
                0x00000000200002d4       0x14 CMakeFiles/test.dir/home/ali-dev/pico/pico-sdk/src/rp2_common/pico_stdio_usb/stdio_usb.c.obj
                0x00000000200002d4                stdio_usb
 .data.ep_dir_string
                0x00000000200002e8        0x8 CMakeFiles/test.dir/home/ali-dev/pico/pico-sdk/lib/tinyusb/src/portable/raspberrypi/rp2040/rp2040_usb.c.obj
                0x00000000200002e8                ep_dir_string
 .data._usbd_qdef
                0x00000000200002f0       0x20 CMakeFiles/test.dir/home/ali-dev/pico/pico-sdk/lib/tinyusb/src/device/usbd.c.obj
                0x00000000200002f0                _usbd_qdef
 .data          0x0000000020000310      0x430 /usr/lib/gcc/arm-none-eabi/9.2.1/../../../arm-none-eabi/lib/thumb/v6-m/nofp/libc.a(lib_a-impure.o)
                0x0000000020000310                _impure_ptr
 .data          0x0000000020000740      0x410 /usr/lib/gcc/arm-none-eabi/9.2.1/../../../arm-none-eabi/lib/thumb/v6-m/nofp/libc.a(lib_a-mallocr.o)
                0x0000000020000740                __malloc_sbrk_base
                0x0000000020000744                __malloc_trim_threshold
                0x0000000020000748                __malloc_av_
                0x0000000020000b50                . = ALIGN (0x4)
 *(.after_data.*)
                0x0000000020000b50                . = ALIGN (0x4)
                0x0000000020000b50                PROVIDE (__mutex_array_start = .)
 *(SORT_BY_NAME(.mutex_array.*))
 *(.mutex_array)
 .mutex_array   0x0000000020000b50        0x8 CMakeFiles/test.dir/home/ali-dev/pico/pico-sdk/src/rp2_common/pico_stdio/stdio.c.obj
                0x0000000020000b58                PROVIDE (__mutex_array_end = .)
                0x0000000020000b58                . = ALIGN (0x4)
                0x0000000020000b58                PROVIDE (__preinit_array_start = .)
 *(SORT_BY_NAME(.preinit_array.*))
 .preinit_array.00001
                0x0000000020000b58        0x4 CMakeFiles/test.dir/home/ali-dev/pico/pico-sdk/src/rp2_common/pico_mem_ops/mem_ops_aeabi.S.obj
 .preinit_array.00010
                0x0000000020000b5c        0x4 CMakeFiles/test.dir/home/ali-dev/pico/pico-sdk/src/rp2_common/pico_bit_ops/bit_ops_aeabi.S.obj
 .preinit_array.00020
                0x0000000020000b60        0x4 CMakeFiles/test.dir/home/ali-dev/pico/pico-sdk/src/rp2_common/pico_double/double_aeabi.S.obj
 .preinit_array.00020
                0x0000000020000b64        0x4 CMakeFiles/test.dir/home/ali-dev/pico/pico-sdk/src/rp2_common/pico_float/float_aeabi.S.obj
 *(.preinit_array)
                0x0000000020000b68                PROVIDE (__preinit_array_end = .)
                0x0000000020000b68                . = ALIGN (0x4)
                0x0000000020000b68                PROVIDE (__init_array_start = .)
 *(SORT_BY_NAME(.init_array.*))
 *(.init_array)
 .init_array    0x0000000020000b68        0x4 /usr/lib/gcc/arm-none-eabi/9.2.1/thumb/v6-m/nofp/crtbegin.o
                0x0000000020000b6c                PROVIDE (__init_array_end = .)
                0x0000000020000b6c                . = ALIGN (0x4)
                0x0000000020000b6c                PROVIDE (__fini_array_start = .)
 *(SORT_BY_NAME(.fini_array.*))
 *(.fini_array)
                0x0000000020000b6c                PROVIDE (__fini_array_end = .)
 *(.jcr)
                0x0000000020000b6c                . = ALIGN (0x4)
                0x0000000020000b6c                __data_end__ = .

.tm_clone_table
                0x0000000020000b6c        0x0 load address 0x0000000010008114
 .tm_clone_table
                0x0000000020000b6c        0x0 /usr/lib/gcc/arm-none-eabi/9.2.1/thumb/v6-m/nofp/crtbegin.o
 .tm_clone_table
                0x0000000020000b6c        0x0 /usr/lib/gcc/arm-none-eabi/9.2.1/thumb/v6-m/nofp/crtend.o

.igot.plt       0x0000000020000b6c        0x0 load address 0x0000000010008114
 .igot.plt      0x0000000020000b6c        0x0 /usr/lib/gcc/arm-none-eabi/9.2.1/thumb/v6-m/nofp/crtbegin.o

.uninitialized_data
                0x0000000020000b6c        0x0 load address 0x0000000010008114
                0x0000000020000b6c                . = ALIGN (0x4)
 *(.uninitialized_data*)

.scratch_x      0x0000000020040000        0x0 load address 0x0000000010008114
                0x0000000020040000                __scratch_x_start__ = .
 *(.scratch_x.*)
                0x0000000020040000                . = ALIGN (0x4)
                0x0000000020040000                __scratch_x_end__ = .
                0x0000000010008114                __scratch_x_source__ = LOADADDR (.scratch_x)

.scratch_y      0x0000000020041000        0x0 load address 0x0000000010008114
                0x0000000020041000                __scratch_y_start__ = .
 *(.scratch_y.*)
                0x0000000020041000                . = ALIGN (0x4)
                0x0000000020041000                __scratch_y_end__ = .
                0x0000000010008114                __scratch_y_source__ = LOADADDR (.scratch_y)

.bss            0x0000000020000b70      0xdd0
                0x0000000020000b70                . = ALIGN (0x4)
                0x0000000020000b70                __bss_start__ = .
 *(SORT_BY_ALIGNMENT(SORT_BY_NAME(.bss*)))
 .bss.last_avail_time.6960
                0x0000000020000b70        0x8 CMakeFiles/test.dir/home/ali-dev/pico/pico-sdk/src/rp2_common/pico_stdio_usb/stdio_usb.c.obj
 .bss           0x0000000020000b78       0x1c /usr/lib/gcc/arm-none-eabi/9.2.1/thumb/v6-m/nofp/crtbegin.o
 .bss           0x0000000020000b94       0x34 /usr/lib/gcc/arm-none-eabi/9.2.1/../../../arm-none-eabi/lib/thumb/v6-m/nofp/libc.a(lib_a-mallocr.o)
                0x0000000020000b94                __malloc_top_pad
                0x0000000020000b98                __malloc_current_mallinfo
                0x0000000020000bc0                __malloc_max_sbrked_mem
                0x0000000020000bc4                __malloc_max_total_mem
 .bss._app_driver
                0x0000000020000bc8        0x4 CMakeFiles/test.dir/home/ali-dev/pico/pico-sdk/lib/tinyusb/src/device/usbd.c.obj
 .bss._cdcd_itf
                0x0000000020000bcc      0x2d0 CMakeFiles/test.dir/home/ali-dev/pico/pico-sdk/lib/tinyusb/src/class/cdc/cdc_device.c.obj
 .bss._ctrl_xfer
                0x0000000020000e9c       0x14 CMakeFiles/test.dir/home/ali-dev/pico/pico-sdk/lib/tinyusb/src/device/usbd_control.c.obj
 .bss._ubsd_mutexdef
                0x0000000020000eb0        0x8 CMakeFiles/test.dir/home/ali-dev/pico/pico-sdk/lib/tinyusb/src/device/usbd.c.obj
 .bss._usbd_ctrl_buf
                0x0000000020000eb8       0x40 CMakeFiles/test.dir/home/ali-dev/pico/pico-sdk/lib/tinyusb/src/device/usbd_control.c.obj
 .bss._usbd_dev
                0x0000000020000ef8       0x37 CMakeFiles/test.dir/home/ali-dev/pico/pico-sdk/lib/tinyusb/src/device/usbd.c.obj
 *fill*         0x0000000020000f2f        0x1 
 .bss._usbd_mutex
                0x0000000020000f30        0x4 CMakeFiles/test.dir/home/ali-dev/pico/pico-sdk/lib/tinyusb/src/device/usbd.c.obj
 .bss._usbd_q   0x0000000020000f34        0x4 CMakeFiles/test.dir/home/ali-dev/pico/pico-sdk/lib/tinyusb/src/device/usbd.c.obj
 .bss.alarm_callbacks
                0x0000000020000f38       0x10 CMakeFiles/test.dir/home/ali-dev/pico/pico-sdk/src/rp2_common/hardware_timer/timer.c.obj
 .bss.claimed   0x0000000020000f48        0x4 CMakeFiles/test.dir/home/ali-dev/pico/pico-sdk/src/rp2_common/hardware_sync/sync.c.obj
 .bss.configured_freq
                0x0000000020000f4c       0x28 CMakeFiles/test.dir/home/ali-dev/pico/pico-sdk/src/rp2_common/hardware_clocks/clocks.c.obj
 .bss.default_alarm_pool
                0x0000000020000f74        0x4 CMakeFiles/test.dir/home/ali-dev/pico/pico-sdk/src/common/pico_time/time.c.obj
 .bss.desc_str.6843
                0x0000000020000f78       0x28 CMakeFiles/test.dir/home/ali-dev/pico/pico-sdk/src/rp2_common/pico_stdio_usb/stdio_usb_descriptors.c.obj
 .bss.drivers   0x0000000020000fa0        0x4 CMakeFiles/test.dir/home/ali-dev/pico/pico-sdk/src/rp2_common/pico_stdio/stdio.c.obj
 .bss.filter    0x0000000020000fa4        0x4 CMakeFiles/test.dir/home/ali-dev/pico/pico-sdk/src/rp2_common/pico_stdio/stdio.c.obj
 .bss.heap_end.5760
                0x0000000020000fa8        0x4 CMakeFiles/test.dir/home/ali-dev/pico/pico-sdk/src/rp2_common/pico_runtime/runtime.c.obj
 .bss.hw_endpoints
                0x0000000020000fac      0x680 CMakeFiles/test.dir/home/ali-dev/pico/pico-sdk/lib/tinyusb/src/portable/raspberrypi/rp2040/dcd_rp2040.c.obj
 .bss.lazy_vsnprintf
                0x000000002000162c        0x4 CMakeFiles/test.dir/home/ali-dev/pico/pico-sdk/src/rp2_common/pico_printf/printf.c.obj
 .bss.next_buffer_ptr
                0x0000000020001630        0x4 CMakeFiles/test.dir/home/ali-dev/pico/pico-sdk/lib/tinyusb/src/portable/raspberrypi/rp2040/dcd_rp2040.c.obj
 .bss.pools     0x0000000020001634       0x10 CMakeFiles/test.dir/home/ali-dev/pico/pico-sdk/src/common/pico_time/time.c.obj
 .bss.stdio_usb_mutex
                0x0000000020001644        0x8 CMakeFiles/test.dir/home/ali-dev/pico/pico-sdk/src/rp2_common/pico_stdio_usb/stdio_usb.c.obj
 .bss.target_hi
                0x000000002000164c       0x10 CMakeFiles/test.dir/home/ali-dev/pico/pico-sdk/src/rp2_common/hardware_timer/timer.c.obj
 .bss._app_driver_count
                0x000000002000165c        0x1 CMakeFiles/test.dir/home/ali-dev/pico/pico-sdk/lib/tinyusb/src/device/usbd.c.obj
 .bss._initialized
                0x000000002000165d        0x1 CMakeFiles/test.dir/home/ali-dev/pico/pico-sdk/lib/tinyusb/src/tusb.c.obj
 .bss.assigned_address
                0x000000002000165e        0x1 CMakeFiles/test.dir/home/ali-dev/pico/pico-sdk/lib/tinyusb/src/portable/raspberrypi/rp2040/dcd_rp2040.c.obj
 .bss.claimed   0x000000002000165f        0x1 CMakeFiles/test.dir/home/ali-dev/pico/pico-sdk/src/rp2_common/hardware_timer/timer.c.obj
 .bss.irq_hander_chain_free_slot_head
                0x0000000020001660        0x1 CMakeFiles/test.dir/home/ali-dev/pico/pico-sdk/src/rp2_common/hardware_irq/irq.c.obj
 .bss.timer_callbacks_pending
                0x0000000020001661        0x1 CMakeFiles/test.dir/home/ali-dev/pico/pico-sdk/src/rp2_common/hardware_timer/timer.c.obj
 *(COMMON)
 *fill*         0x0000000020001662        0x2 
 COMMON         0x0000000020001664        0xc CMakeFiles/test.dir/test.c.obj
                0x0000000020001664                led_timer
 COMMON         0x0000000020001670        0x4 CMakeFiles/test.dir/non_blocking_timer.c.obj
                0x0000000020001670                systick
 COMMON         0x0000000020001674        0x4 CMakeFiles/test.dir/home/ali-dev/pico/pico-sdk/src/rp2_common/hardware_uart/uart.c.obj
                0x0000000020001674                uart_char_to_line_feed
 COMMON         0x0000000020001678      0x100 CMakeFiles/test.dir/home/ali-dev/pico/pico-sdk/src/rp2_common/pico_double/double_init_rom.c.obj
                0x0000000020001678                sd_table
 COMMON         0x0000000020001778      0x104 CMakeFiles/test.dir/home/ali-dev/pico/pico-sdk/src/rp2_common/pico_float/float_init_rom.c.obj
                0x0000000020001778                sf_table
                0x0000000020001878                sf_clz_func
 COMMON         0x000000002000187c       0xc0 CMakeFiles/test.dir/home/ali-dev/pico/pico-sdk/lib/tinyusb/src/device/usbd.c.obj
                0x000000002000187c                _usbd_qdef_buf
 COMMON         0x000000002000193c        0x4 /usr/lib/gcc/arm-none-eabi/9.2.1/../../../arm-none-eabi/lib/thumb/v6-m/nofp/libc.a(lib_a-reent.o)
                0x000000002000193c                errno
                0x0000000020001940                . = ALIGN (0x4)
                0x0000000020001940                __bss_end__ = .

.heap           0x0000000020001940      0x800
                0x0000000020001940                __end__ = .
                0x0000000020001940                end = __end__
 *(.heap*)
 .heap          0x0000000020001940      0x800 CMakeFiles/test.dir/home/ali-dev/pico/pico-sdk/src/rp2_common/pico_standard_link/crt0.S.obj
                0x0000000020002140                __HeapLimit = .

.stack1_dummy   0x0000000020040000        0x0
 *(.stack1*)

.stack_dummy    0x0000000020041000      0x800
 *(.stack*)
 .stack         0x0000000020041000      0x800 CMakeFiles/test.dir/home/ali-dev/pico/pico-sdk/src/rp2_common/pico_standard_link/crt0.S.obj

.flash_end      0x0000000010008114        0x0
                0x0000000010008114                __flash_binary_end = .
                0x0000000020040000                __StackLimit = (ORIGIN (RAM) + LENGTH (RAM))
                0x0000000020041000                __StackOneTop = (ORIGIN (SCRATCH_X) + LENGTH (SCRATCH_X))
                0x0000000020042000                __StackTop = (ORIGIN (SCRATCH_Y) + LENGTH (SCRATCH_Y))
                0x0000000020041000                __StackOneBottom = (__StackOneTop - SIZEOF (.stack1_dummy))
                0x0000000020041800                __StackBottom = (__StackTop - SIZEOF (.stack_dummy))
                0x0000000020042000                PROVIDE (__stack = __StackTop)
                0x0000000000000001                ASSERT ((__StackLimit >= __HeapLimit), region RAM overflowed)
                0x0000000000000001                ASSERT (((__binary_info_header_end - __logical_binary_start) <= 0x100), Binary info must be in first 256 bytes of the binary)
LOAD CMakeFiles/test.dir/test.c.obj
LOAD CMakeFiles/test.dir/non_blocking_timer.c.obj
LOAD CMakeFiles/test.dir/home/ali-dev/pico/pico-sdk/src/rp2_common/pico_stdlib/stdlib.c.obj
LOAD CMakeFiles/test.dir/home/ali-dev/pico/pico-sdk/src/rp2_common/hardware_gpio/gpio.c.obj
LOAD CMakeFiles/test.dir/home/ali-dev/pico/pico-sdk/src/rp2_common/hardware_claim/claim.c.obj
LOAD CMakeFiles/test.dir/home/ali-dev/pico/pico-sdk/src/rp2_common/hardware_sync/sync.c.obj
LOAD CMakeFiles/test.dir/home/ali-dev/pico/pico-sdk/src/rp2_common/pico_platform/platform.c.obj
LOAD CMakeFiles/test.dir/home/ali-dev/pico/pico-sdk/src/rp2_common/hardware_uart/uart.c.obj
LOAD CMakeFiles/test.dir/home/ali-dev/pico/pico-sdk/src/rp2_common/hardware_divider/divider.S.obj
LOAD CMakeFiles/test.dir/home/ali-dev/pico/pico-sdk/src/common/pico_time/time.c.obj
LOAD CMakeFiles/test.dir/home/ali-dev/pico/pico-sdk/src/common/pico_time/timeout_helper.c.obj
LOAD CMakeFiles/test.dir/home/ali-dev/pico/pico-sdk/src/rp2_common/hardware_timer/timer.c.obj
LOAD CMakeFiles/test.dir/home/ali-dev/pico/pico-sdk/src/common/pico_sync/sem.c.obj
LOAD CMakeFiles/test.dir/home/ali-dev/pico/pico-sdk/src/common/pico_sync/lock_core.c.obj
LOAD CMakeFiles/test.dir/home/ali-dev/pico/pico-sdk/src/common/pico_sync/mutex.c.obj
LOAD CMakeFiles/test.dir/home/ali-dev/pico/pico-sdk/src/common/pico_sync/critical_section.c.obj
LOAD CMakeFiles/test.dir/home/ali-dev/pico/pico-sdk/src/common/pico_util/datetime.c.obj
LOAD CMakeFiles/test.dir/home/ali-dev/pico/pico-sdk/src/common/pico_util/pheap.c.obj
LOAD CMakeFiles/test.dir/home/ali-dev/pico/pico-sdk/src/common/pico_util/queue.c.obj
LOAD CMakeFiles/test.dir/home/ali-dev/pico/pico-sdk/src/rp2_common/pico_runtime/runtime.c.obj
LOAD CMakeFiles/test.dir/home/ali-dev/pico/pico-sdk/src/rp2_common/hardware_clocks/clocks.c.obj
LOAD CMakeFiles/test.dir/home/ali-dev/pico/pico-sdk/src/rp2_common/hardware_watchdog/watchdog.c.obj
LOAD CMakeFiles/test.dir/home/ali-dev/pico/pico-sdk/src/rp2_common/hardware_xosc/xosc.c.obj
LOAD CMakeFiles/test.dir/home/ali-dev/pico/pico-sdk/src/rp2_common/hardware_pll/pll.c.obj
LOAD CMakeFiles/test.dir/home/ali-dev/pico/pico-sdk/src/rp2_common/hardware_vreg/vreg.c.obj
LOAD CMakeFiles/test.dir/home/ali-dev/pico/pico-sdk/src/rp2_common/hardware_irq/irq.c.obj
LOAD CMakeFiles/test.dir/home/ali-dev/pico/pico-sdk/src/rp2_common/hardware_irq/irq_handler_chain.S.obj
LOAD CMakeFiles/test.dir/home/ali-dev/pico/pico-sdk/src/rp2_common/pico_printf/printf.c.obj
LOAD CMakeFiles/test.dir/home/ali-dev/pico/pico-sdk/src/rp2_common/pico_bit_ops/bit_ops_aeabi.S.obj
LOAD CMakeFiles/test.dir/home/ali-dev/pico/pico-sdk/src/rp2_common/pico_bootrom/bootrom.c.obj
LOAD CMakeFiles/test.dir/home/ali-dev/pico/pico-sdk/src/rp2_common/pico_divider/divider.S.obj
LOAD CMakeFiles/test.dir/home/ali-dev/pico/pico-sdk/src/rp2_common/pico_double/double_aeabi.S.obj
LOAD CMakeFiles/test.dir/home/ali-dev/pico/pico-sdk/src/rp2_common/pico_double/double_init_rom.c.obj
LOAD CMakeFiles/test.dir/home/ali-dev/pico/pico-sdk/src/rp2_common/pico_double/double_math.c.obj
LOAD CMakeFiles/test.dir/home/ali-dev/pico/pico-sdk/src/rp2_common/pico_double/double_v1_rom_shim.S.obj
LOAD CMakeFiles/test.dir/home/ali-dev/pico/pico-sdk/src/rp2_common/pico_int64_ops/pico_int64_ops_aeabi.S.obj
LOAD CMakeFiles/test.dir/home/ali-dev/pico/pico-sdk/src/rp2_common/pico_float/float_aeabi.S.obj
LOAD CMakeFiles/test.dir/home/ali-dev/pico/pico-sdk/src/rp2_common/pico_float/float_init_rom.c.obj
LOAD CMakeFiles/test.dir/home/ali-dev/pico/pico-sdk/src/rp2_common/pico_float/float_math.c.obj
LOAD CMakeFiles/test.dir/home/ali-dev/pico/pico-sdk/src/rp2_common/pico_float/float_v1_rom_shim.S.obj
LOAD CMakeFiles/test.dir/home/ali-dev/pico/pico-sdk/src/rp2_common/pico_malloc/pico_malloc.c.obj
LOAD CMakeFiles/test.dir/home/ali-dev/pico/pico-sdk/src/rp2_common/pico_mem_ops/mem_ops_aeabi.S.obj
LOAD CMakeFiles/test.dir/home/ali-dev/pico/pico-sdk/src/rp2_common/pico_standard_link/crt0.S.obj
LOAD CMakeFiles/test.dir/home/ali-dev/pico/pico-sdk/src/rp2_common/pico_standard_link/new_delete.cpp.obj
LOAD CMakeFiles/test.dir/home/ali-dev/pico/pico-sdk/src/rp2_common/pico_standard_link/binary_info.c.obj
LOAD CMakeFiles/test.dir/home/ali-dev/pico/pico-sdk/src/rp2_common/pico_stdio/stdio.c.obj
LOAD CMakeFiles/test.dir/home/ali-dev/pico/pico-sdk/src/rp2_common/pico_stdio_uart/stdio_uart.c.obj
LOAD CMakeFiles/test.dir/home/ali-dev/pico/pico-sdk/src/rp2_common/pico_stdio_usb/stdio_usb.c.obj
LOAD CMakeFiles/test.dir/home/ali-dev/pico/pico-sdk/src/rp2_common/pico_stdio_usb/stdio_usb_descriptors.c.obj
LOAD CMakeFiles/test.dir/home/ali-dev/pico/pico-sdk/lib/tinyusb/src/portable/raspberrypi/rp2040/dcd_rp2040.c.obj
LOAD CMakeFiles/test.dir/home/ali-dev/pico/pico-sdk/lib/tinyusb/src/portable/raspberrypi/rp2040/rp2040_usb.c.obj
LOAD CMakeFiles/test.dir/home/ali-dev/pico/pico-sdk/lib/tinyusb/src/device/usbd.c.obj
LOAD CMakeFiles/test.dir/home/ali-dev/pico/pico-sdk/lib/tinyusb/src/device/usbd_control.c.obj
LOAD CMakeFiles/test.dir/home/ali-dev/pico/pico-sdk/lib/tinyusb/src/class/audio/audio_device.c.obj
LOAD CMakeFiles/test.dir/home/ali-dev/pico/pico-sdk/lib/tinyusb/src/class/cdc/cdc_device.c.obj
LOAD CMakeFiles/test.dir/home/ali-dev/pico/pico-sdk/lib/tinyusb/src/class/dfu/dfu_rt_device.c.obj
LOAD CMakeFiles/test.dir/home/ali-dev/pico/pico-sdk/lib/tinyusb/src/class/hid/hid_device.c.obj
LOAD CMakeFiles/test.dir/home/ali-dev/pico/pico-sdk/lib/tinyusb/src/class/midi/midi_device.c.obj
LOAD CMakeFiles/test.dir/home/ali-dev/pico/pico-sdk/lib/tinyusb/src/class/msc/msc_device.c.obj
LOAD CMakeFiles/test.dir/home/ali-dev/pico/pico-sdk/lib/tinyusb/src/class/net/net_device.c.obj
LOAD CMakeFiles/test.dir/home/ali-dev/pico/pico-sdk/lib/tinyusb/src/class/usbtmc/usbtmc_device.c.obj
LOAD CMakeFiles/test.dir/home/ali-dev/pico/pico-sdk/lib/tinyusb/src/class/vendor/vendor_device.c.obj
LOAD CMakeFiles/test.dir/home/ali-dev/pico/pico-sdk/lib/tinyusb/src/tusb.c.obj
LOAD CMakeFiles/test.dir/home/ali-dev/pico/pico-sdk/lib/tinyusb/src/common/tusb_fifo.c.obj
LOAD CMakeFiles/test.dir/home/ali-dev/pico/pico-sdk/src/rp2_common/pico_fix/rp2040_usb_device_enumeration/rp2040_usb_device_enumeration.c.obj
LOAD /tmp/cc8KWn0U.o
LOAD /usr/lib/gcc/arm-none-eabi/9.2.1/../../../arm-none-eabi/lib/thumb/v6-m/nofp/libstdc++.a
LOAD /usr/lib/gcc/arm-none-eabi/9.2.1/../../../arm-none-eabi/lib/thumb/v6-m/nofp/libm.a
START GROUP
LOAD /usr/lib/gcc/arm-none-eabi/9.2.1/thumb/v6-m/nofp/libgcc.a
LOAD /usr/lib/gcc/arm-none-eabi/9.2.1/../../../arm-none-eabi/lib/thumb/v6-m/nofp/libc.a
END GROUP
START GROUP
LOAD /usr/lib/gcc/arm-none-eabi/9.2.1/thumb/v6-m/nofp/libgcc.a
LOAD /usr/lib/gcc/arm-none-eabi/9.2.1/../../../arm-none-eabi/lib/thumb/v6-m/nofp/libc.a
LOAD /usr/lib/gcc/arm-none-eabi/9.2.1/../../../arm-none-eabi/lib/thumb/v6-m/nofp/libnosys.a
END GROUP
LOAD /usr/lib/gcc/arm-none-eabi/9.2.1/thumb/v6-m/nofp/crtend.o
LOAD /usr/lib/gcc/arm-none-eabi/9.2.1/thumb/v6-m/nofp/crtn.o
OUTPUT(test.elf elf32-littlearm)
LOAD linker stubs

.ARM.attributes
                0x0000000000000000       0x28
 .ARM.attributes
                0x0000000000000000       0x1e /usr/lib/gcc/arm-none-eabi/9.2.1/thumb/v6-m/nofp/crti.o
 .ARM.attributes
                0x000000000000001e       0x2c /usr/lib/gcc/arm-none-eabi/9.2.1/thumb/v6-m/nofp/crtbegin.o
 .ARM.attributes
                0x000000000000004a       0x2b CMakeFiles/test.dir/test.c.obj
 .ARM.attributes
                0x0000000000000075       0x2b CMakeFiles/test.dir/non_blocking_timer.c.obj
 .ARM.attributes
                0x00000000000000a0       0x2b CMakeFiles/test.dir/home/ali-dev/pico/pico-sdk/src/rp2_common/hardware_gpio/gpio.c.obj
 .ARM.attributes
                0x00000000000000cb       0x2b CMakeFiles/test.dir/home/ali-dev/pico/pico-sdk/src/rp2_common/hardware_claim/claim.c.obj
 .ARM.attributes
                0x00000000000000f6       0x2b CMakeFiles/test.dir/home/ali-dev/pico/pico-sdk/src/rp2_common/hardware_sync/sync.c.obj
 .ARM.attributes
                0x0000000000000121       0x2b CMakeFiles/test.dir/home/ali-dev/pico/pico-sdk/src/rp2_common/pico_platform/platform.c.obj
 .ARM.attributes
                0x000000000000014c       0x2b CMakeFiles/test.dir/home/ali-dev/pico/pico-sdk/src/rp2_common/hardware_uart/uart.c.obj
 .ARM.attributes
                0x0000000000000177       0x2b CMakeFiles/test.dir/home/ali-dev/pico/pico-sdk/src/common/pico_time/time.c.obj
 .ARM.attributes
                0x00000000000001a2       0x2b CMakeFiles/test.dir/home/ali-dev/pico/pico-sdk/src/rp2_common/hardware_timer/timer.c.obj
 .ARM.attributes
                0x00000000000001cd       0x2b CMakeFiles/test.dir/home/ali-dev/pico/pico-sdk/src/common/pico_sync/lock_core.c.obj
 .ARM.attributes
                0x00000000000001f8       0x2b CMakeFiles/test.dir/home/ali-dev/pico/pico-sdk/src/common/pico_sync/mutex.c.obj
 .ARM.attributes
                0x0000000000000223       0x2b CMakeFiles/test.dir/home/ali-dev/pico/pico-sdk/src/common/pico_sync/critical_section.c.obj
 .ARM.attributes
                0x000000000000024e       0x2b CMakeFiles/test.dir/home/ali-dev/pico/pico-sdk/src/common/pico_util/pheap.c.obj
 .ARM.attributes
                0x0000000000000279       0x2b CMakeFiles/test.dir/home/ali-dev/pico/pico-sdk/src/rp2_common/pico_runtime/runtime.c.obj
 .ARM.attributes
                0x00000000000002a4       0x2b CMakeFiles/test.dir/home/ali-dev/pico/pico-sdk/src/rp2_common/hardware_clocks/clocks.c.obj
 .ARM.attributes
                0x00000000000002cf       0x2b CMakeFiles/test.dir/home/ali-dev/pico/pico-sdk/src/rp2_common/hardware_watchdog/watchdog.c.obj
 .ARM.attributes
                0x00000000000002fa       0x2b CMakeFiles/test.dir/home/ali-dev/pico/pico-sdk/src/rp2_common/hardware_xosc/xosc.c.obj
 .ARM.attributes
                0x0000000000000325       0x2b CMakeFiles/test.dir/home/ali-dev/pico/pico-sdk/src/rp2_common/hardware_pll/pll.c.obj
 .ARM.attributes
                0x0000000000000350       0x2b CMakeFiles/test.dir/home/ali-dev/pico/pico-sdk/src/rp2_common/hardware_irq/irq.c.obj
 .ARM.attributes
                0x000000000000037b       0x22 CMakeFiles/test.dir/home/ali-dev/pico/pico-sdk/src/rp2_common/hardware_irq/irq_handler_chain.S.obj
 .ARM.attributes
                0x000000000000039d       0x2b CMakeFiles/test.dir/home/ali-dev/pico/pico-sdk/src/rp2_common/pico_printf/printf.c.obj
 .ARM.attributes
                0x00000000000003c8       0x22 CMakeFiles/test.dir/home/ali-dev/pico/pico-sdk/src/rp2_common/pico_bit_ops/bit_ops_aeabi.S.obj
 .ARM.attributes
                0x00000000000003ea       0x2b CMakeFiles/test.dir/home/ali-dev/pico/pico-sdk/src/rp2_common/pico_bootrom/bootrom.c.obj
 .ARM.attributes
                0x0000000000000415       0x22 CMakeFiles/test.dir/home/ali-dev/pico/pico-sdk/src/rp2_common/pico_divider/divider.S.obj
 .ARM.attributes
                0x0000000000000437       0x22 CMakeFiles/test.dir/home/ali-dev/pico/pico-sdk/src/rp2_common/pico_double/double_aeabi.S.obj
 .ARM.attributes
                0x0000000000000459       0x2b CMakeFiles/test.dir/home/ali-dev/pico/pico-sdk/src/rp2_common/pico_double/double_init_rom.c.obj
 .ARM.attributes
                0x0000000000000484       0x22 CMakeFiles/test.dir/home/ali-dev/pico/pico-sdk/src/rp2_common/pico_double/double_v1_rom_shim.S.obj
 .ARM.attributes
                0x00000000000004a6       0x22 CMakeFiles/test.dir/home/ali-dev/pico/pico-sdk/src/rp2_common/pico_int64_ops/pico_int64_ops_aeabi.S.obj
 .ARM.attributes
                0x00000000000004c8       0x22 CMakeFiles/test.dir/home/ali-dev/pico/pico-sdk/src/rp2_common/pico_float/float_aeabi.S.obj
 .ARM.attributes
                0x00000000000004ea       0x2b CMakeFiles/test.dir/home/ali-dev/pico/pico-sdk/src/rp2_common/pico_float/float_init_rom.c.obj
 .ARM.attributes
                0x0000000000000515       0x22 CMakeFiles/test.dir/home/ali-dev/pico/pico-sdk/src/rp2_common/pico_float/float_v1_rom_shim.S.obj
 .ARM.attributes
                0x0000000000000537       0x2b CMakeFiles/test.dir/home/ali-dev/pico/pico-sdk/src/rp2_common/pico_malloc/pico_malloc.c.obj
 .ARM.attributes
                0x0000000000000562       0x22 CMakeFiles/test.dir/home/ali-dev/pico/pico-sdk/src/rp2_common/pico_mem_ops/mem_ops_aeabi.S.obj
 .ARM.attributes
                0x0000000000000584       0x22 CMakeFiles/test.dir/home/ali-dev/pico/pico-sdk/src/rp2_common/pico_standard_link/crt0.S.obj
 .ARM.attributes
                0x00000000000005a6       0x32 CMakeFiles/test.dir/home/ali-dev/pico/pico-sdk/src/rp2_common/pico_standard_link/binary_info.c.obj
 .ARM.attributes
                0x00000000000005d8       0x2b CMakeFiles/test.dir/home/ali-dev/pico/pico-sdk/src/rp2_common/pico_stdio/stdio.c.obj
 .ARM.attributes
                0x0000000000000603       0x2b CMakeFiles/test.dir/home/ali-dev/pico/pico-sdk/src/rp2_common/pico_stdio_uart/stdio_uart.c.obj
 .ARM.attributes
                0x000000000000062e       0x2b CMakeFiles/test.dir/home/ali-dev/pico/pico-sdk/src/rp2_common/pico_stdio_usb/stdio_usb.c.obj
 .ARM.attributes
                0x0000000000000659       0x2b CMakeFiles/test.dir/home/ali-dev/pico/pico-sdk/src/rp2_common/pico_stdio_usb/stdio_usb_descriptors.c.obj
 .ARM.attributes
                0x0000000000000684       0x2b CMakeFiles/test.dir/home/ali-dev/pico/pico-sdk/lib/tinyusb/src/portable/raspberrypi/rp2040/dcd_rp2040.c.obj
 .ARM.attributes
                0x00000000000006af       0x2b CMakeFiles/test.dir/home/ali-dev/pico/pico-sdk/lib/tinyusb/src/portable/raspberrypi/rp2040/rp2040_usb.c.obj
 .ARM.attributes
                0x00000000000006da       0x2b CMakeFiles/test.dir/home/ali-dev/pico/pico-sdk/lib/tinyusb/src/device/usbd.c.obj
 .ARM.attributes
                0x0000000000000705       0x2b CMakeFiles/test.dir/home/ali-dev/pico/pico-sdk/lib/tinyusb/src/device/usbd_control.c.obj
 .ARM.attributes
                0x0000000000000730       0x2b CMakeFiles/test.dir/home/ali-dev/pico/pico-sdk/lib/tinyusb/src/class/cdc/cdc_device.c.obj
 .ARM.attributes
                0x000000000000075b       0x2b CMakeFiles/test.dir/home/ali-dev/pico/pico-sdk/lib/tinyusb/src/tusb.c.obj
 .ARM.attributes
                0x0000000000000786       0x2b CMakeFiles/test.dir/home/ali-dev/pico/pico-sdk/lib/tinyusb/src/common/tusb_fifo.c.obj
 .ARM.attributes
                0x00000000000007b1       0x22 /tmp/cc8KWn0U.o
 .ARM.attributes
                0x00000000000007d3       0x1e /usr/lib/gcc/arm-none-eabi/9.2.1/thumb/v6-m/nofp/libgcc.a(_dvmd_tls.o)
 .ARM.attributes
                0x00000000000007f1       0x2c /usr/lib/gcc/arm-none-eabi/9.2.1/../../../arm-none-eabi/lib/thumb/v6-m/nofp/libc.a(lib_a-calloc.o)
 .ARM.attributes
                0x000000000000081d       0x2c /usr/lib/gcc/arm-none-eabi/9.2.1/../../../arm-none-eabi/lib/thumb/v6-m/nofp/libc.a(lib_a-callocr.o)
 .ARM.attributes
                0x0000000000000849       0x2c /usr/lib/gcc/arm-none-eabi/9.2.1/../../../arm-none-eabi/lib/thumb/v6-m/nofp/libc.a(lib_a-impure.o)
 .ARM.attributes
                0x0000000000000875       0x2c /usr/lib/gcc/arm-none-eabi/9.2.1/../../../arm-none-eabi/lib/thumb/v6-m/nofp/libc.a(lib_a-malloc.o)
 .ARM.attributes
                0x00000000000008a1       0x2c /usr/lib/gcc/arm-none-eabi/9.2.1/../../../arm-none-eabi/lib/thumb/v6-m/nofp/libc.a(lib_a-mallocr.o)
 .ARM.attributes
                0x00000000000008cd       0x2c /usr/lib/gcc/arm-none-eabi/9.2.1/../../../arm-none-eabi/lib/thumb/v6-m/nofp/libc.a(lib_a-mlock.o)
 .ARM.attributes
                0x00000000000008f9       0x2c /usr/lib/gcc/arm-none-eabi/9.2.1/../../../arm-none-eabi/lib/thumb/v6-m/nofp/libc.a(lib_a-sbrkr.o)
 .ARM.attributes
                0x0000000000000925       0x2c /usr/lib/gcc/arm-none-eabi/9.2.1/../../../arm-none-eabi/lib/thumb/v6-m/nofp/libc.a(lib_a-strlen-stub.o)
 .ARM.attributes
                0x0000000000000951       0x2c /usr/lib/gcc/arm-none-eabi/9.2.1/../../../arm-none-eabi/lib/thumb/v6-m/nofp/libc.a(lib_a-freer.o)
 .ARM.attributes
                0x000000000000097d       0x2c /usr/lib/gcc/arm-none-eabi/9.2.1/../../../arm-none-eabi/lib/thumb/v6-m/nofp/libc.a(lib_a-reent.o)
 .ARM.attributes
                0x00000000000009a9       0x2c /usr/lib/gcc/arm-none-eabi/9.2.1/thumb/v6-m/nofp/crtend.o

.comment        0x0000000000000000       0xa7
 .comment       0x0000000000000000       0x59 /usr/lib/gcc/arm-none-eabi/9.2.1/thumb/v6-m/nofp/crtbegin.o
                                         0x5a (size before relaxing)
 .comment       0x0000000000000059       0x5a CMakeFiles/test.dir/test.c.obj
 .comment       0x0000000000000059       0x5a CMakeFiles/test.dir/non_blocking_timer.c.obj
 .comment       0x0000000000000059       0x5a CMakeFiles/test.dir/home/ali-dev/pico/pico-sdk/src/rp2_common/hardware_gpio/gpio.c.obj
 .comment       0x0000000000000059       0x5a CMakeFiles/test.dir/home/ali-dev/pico/pico-sdk/src/rp2_common/hardware_claim/claim.c.obj
 .comment       0x0000000000000059       0x5a CMakeFiles/test.dir/home/ali-dev/pico/pico-sdk/src/rp2_common/hardware_sync/sync.c.obj
 .comment       0x0000000000000059       0x5a CMakeFiles/test.dir/home/ali-dev/pico/pico-sdk/src/rp2_common/pico_platform/platform.c.obj
 .comment       0x0000000000000059       0x5a CMakeFiles/test.dir/home/ali-dev/pico/pico-sdk/src/rp2_common/hardware_uart/uart.c.obj
 .comment       0x0000000000000059       0x5a CMakeFiles/test.dir/home/ali-dev/pico/pico-sdk/src/common/pico_time/time.c.obj
 .comment       0x0000000000000059       0x5a CMakeFiles/test.dir/home/ali-dev/pico/pico-sdk/src/rp2_common/hardware_timer/timer.c.obj
 .comment       0x0000000000000059       0x5a CMakeFiles/test.dir/home/ali-dev/pico/pico-sdk/src/common/pico_sync/lock_core.c.obj
 .comment       0x0000000000000059       0x5a CMakeFiles/test.dir/home/ali-dev/pico/pico-sdk/src/common/pico_sync/mutex.c.obj
 .comment       0x0000000000000059       0x5a CMakeFiles/test.dir/home/ali-dev/pico/pico-sdk/src/common/pico_sync/critical_section.c.obj
 .comment       0x0000000000000059       0x5a CMakeFiles/test.dir/home/ali-dev/pico/pico-sdk/src/common/pico_util/pheap.c.obj
 .comment       0x0000000000000059       0x5a CMakeFiles/test.dir/home/ali-dev/pico/pico-sdk/src/rp2_common/pico_runtime/runtime.c.obj
 .comment       0x0000000000000059       0x5a CMakeFiles/test.dir/home/ali-dev/pico/pico-sdk/src/rp2_common/hardware_clocks/clocks.c.obj
 .comment       0x0000000000000059       0x5a CMakeFiles/test.dir/home/ali-dev/pico/pico-sdk/src/rp2_common/hardware_watchdog/watchdog.c.obj
 .comment       0x0000000000000059       0x5a CMakeFiles/test.dir/home/ali-dev/pico/pico-sdk/src/rp2_common/hardware_xosc/xosc.c.obj
 .comment       0x0000000000000059       0x5a CMakeFiles/test.dir/home/ali-dev/pico/pico-sdk/src/rp2_common/hardware_pll/pll.c.obj
 .comment       0x0000000000000059       0x5a CMakeFiles/test.dir/home/ali-dev/pico/pico-sdk/src/rp2_common/hardware_irq/irq.c.obj
 .comment       0x0000000000000059       0x5a CMakeFiles/test.dir/home/ali-dev/pico/pico-sdk/src/rp2_common/pico_printf/printf.c.obj
 .comment       0x0000000000000059       0x5a CMakeFiles/test.dir/home/ali-dev/pico/pico-sdk/src/rp2_common/pico_bootrom/bootrom.c.obj
 .comment       0x0000000000000059       0x5a CMakeFiles/test.dir/home/ali-dev/pico/pico-sdk/src/rp2_common/pico_double/double_init_rom.c.obj
 .comment       0x0000000000000059       0x5a CMakeFiles/test.dir/home/ali-dev/pico/pico-sdk/src/rp2_common/pico_float/float_init_rom.c.obj
 .comment       0x0000000000000059       0x5a CMakeFiles/test.dir/home/ali-dev/pico/pico-sdk/src/rp2_common/pico_malloc/pico_malloc.c.obj
 .comment       0x0000000000000059       0x5a CMakeFiles/test.dir/home/ali-dev/pico/pico-sdk/src/rp2_common/pico_standard_link/binary_info.c.obj
 .comment       0x0000000000000059       0x5a CMakeFiles/test.dir/home/ali-dev/pico/pico-sdk/src/rp2_common/pico_stdio/stdio.c.obj
 .comment       0x0000000000000059       0x5a CMakeFiles/test.dir/home/ali-dev/pico/pico-sdk/src/rp2_common/pico_stdio_uart/stdio_uart.c.obj
 .comment       0x0000000000000059       0x5a CMakeFiles/test.dir/home/ali-dev/pico/pico-sdk/src/rp2_common/pico_stdio_usb/stdio_usb.c.obj
 .comment       0x0000000000000059       0x5a CMakeFiles/test.dir/home/ali-dev/pico/pico-sdk/src/rp2_common/pico_stdio_usb/stdio_usb_descriptors.c.obj
 .comment       0x0000000000000059       0x5a CMakeFiles/test.dir/home/ali-dev/pico/pico-sdk/lib/tinyusb/src/portable/raspberrypi/rp2040/dcd_rp2040.c.obj
 .comment       0x0000000000000059       0x5a CMakeFiles/test.dir/home/ali-dev/pico/pico-sdk/lib/tinyusb/src/portable/raspberrypi/rp2040/rp2040_usb.c.obj
 .comment       0x0000000000000059       0x5a CMakeFiles/test.dir/home/ali-dev/pico/pico-sdk/lib/tinyusb/src/device/usbd.c.obj
 .comment       0x0000000000000059       0x5a CMakeFiles/test.dir/home/ali-dev/pico/pico-sdk/lib/tinyusb/src/device/usbd_control.c.obj
 .comment       0x0000000000000059       0x5a CMakeFiles/test.dir/home/ali-dev/pico/pico-sdk/lib/tinyusb/src/class/cdc/cdc_device.c.obj
 .comment       0x0000000000000059       0x5a CMakeFiles/test.dir/home/ali-dev/pico/pico-sdk/lib/tinyusb/src/tusb.c.obj
 .comment       0x0000000000000059       0x5a CMakeFiles/test.dir/home/ali-dev/pico/pico-sdk/lib/tinyusb/src/common/tusb_fifo.c.obj
 .comment       0x0000000000000059       0x4e /usr/lib/gcc/arm-none-eabi/9.2.1/../../../arm-none-eabi/lib/thumb/v6-m/nofp/libc.a(lib_a-calloc.o)
                                         0x4f (size before relaxing)